Archive member included because of file (symbol)

/root/devel/optee/optee_os/out/arm/export-ta_arm32/lib/libutee.a(user_ta_entry.o)
                              ./user_ta_header.o (__utee_entry)
/root/devel/optee/optee_os/out/arm/export-ta_arm32/lib/libutee.a(utee_syscalls_a32.o)
                              /root/devel/optee/optee_os/out/arm/export-ta_arm32/lib/libutee.a(user_ta_entry.o) (utee_return)
/root/devel/optee/optee_os/out/arm/export-ta_arm32/lib/libutee.a(tee_api_arith.o)
                              /root/devel/optee/optee_os/out/arm/export-ta_arm32/lib/libutee.a(user_ta_entry.o) (_TEE_MathAPI_Init)
/root/devel/optee/optee_os/out/arm/export-ta_arm32/lib/libutee.a(tee_api.o)
                              /root/devel/optee/optee_os/out/arm/export-ta_arm32/lib/libutee.a(user_ta_entry.o) (__utee_from_param)
/root/devel/optee/optee_os/out/arm/export-ta_arm32/lib/libutee.a(tee_api_panic.o)
                              /root/devel/optee/optee_os/out/arm/export-ta_arm32/lib/libutee.a(user_ta_entry.o) (__TEE_Panic)
/root/devel/optee/optee_os/out/arm/export-ta_arm32/lib/libutee.a(utee_misc.o)
                              /root/devel/optee/optee_os/out/arm/export-ta_arm32/lib/libutee.a(tee_api_arith.o) (get_rng_array)
/root/devel/optee/optee_os/out/arm/export-ta_arm32/lib/libutee.a(tee_user_mem.o)
                              /root/devel/optee/optee_os/out/arm/export-ta_arm32/lib/libutee.a(tee_api.o) (tee_user_mem_alloc)
/root/devel/optee/optee_os/out/arm/export-ta_arm32/lib/libutee.a(trace_ext.o)
                              /root/devel/optee/optee_os/out/arm/export-ta_arm32/lib/libutee.a(tee_api_arith.o) (printf)
/root/devel/optee/optee_os/out/arm/export-ta_arm32/lib/libutee.a(assert.o)
                              /root/devel/optee/optee_os/out/arm/export-ta_arm32/lib/libutee.a(tee_user_mem.o) (_assert_log)
/root/devel/optee/optee_os/out/arm/export-ta_arm32/lib/libutils.a(bget_malloc.o)
                              /root/devel/optee/optee_os/out/arm/export-ta_arm32/lib/libutee.a(utee_misc.o) (malloc)
/root/devel/optee/optee_os/out/arm/export-ta_arm32/lib/libutils.a(snprintf.o)
                              /root/devel/optee/optee_os/out/arm/export-ta_arm32/lib/libutee.a(trace_ext.o) (vsnprintf)
/root/devel/optee/optee_os/out/arm/export-ta_arm32/lib/libutils.a(memcmp.o)
                              /root/devel/optee/optee_os/out/arm/export-ta_arm32/lib/libutee.a(tee_api.o) (memcmp)
/root/devel/optee/optee_os/out/arm/export-ta_arm32/lib/libutils.a(memcpy.o)
                              /root/devel/optee/optee_os/out/arm/export-ta_arm32/lib/libutee.a(tee_user_mem.o) (memcpy)
/root/devel/optee/optee_os/out/arm/export-ta_arm32/lib/libutils.a(memmove.o)
                              /root/devel/optee/optee_os/out/arm/export-ta_arm32/lib/libutee.a(tee_api.o) (memmove)
/root/devel/optee/optee_os/out/arm/export-ta_arm32/lib/libutils.a(memset.o)
                              /root/devel/optee/optee_os/out/arm/export-ta_arm32/lib/libutee.a(user_ta_entry.o) (memset)
/root/devel/optee/optee_os/out/arm/export-ta_arm32/lib/libutils.a(strlen.o)
                              /root/devel/optee/optee_os/out/arm/export-ta_arm32/lib/libutee.a(trace_ext.o) (strlen)
/root/devel/optee/optee_os/out/arm/export-ta_arm32/lib/libutils.a(snprintk.o)
                              /root/devel/optee/optee_os/out/arm/export-ta_arm32/lib/libutils.a(snprintf.o) (__vsnprintf)
/root/devel/optee/optee_os/out/arm/export-ta_arm32/lib/libutils.a(strlcpy.o)
                              /root/devel/optee/optee_os/out/arm/export-ta_arm32/lib/libutee.a(trace_ext.o) (strlcpy)
/root/devel/optee/optee_os/out/arm/export-ta_arm32/lib/libutils.a(trace.o)
                              /root/devel/optee/optee_os/out/arm/export-ta_arm32/lib/libutee.a(user_ta_entry.o) (trace_set_level)
/root/devel/optee/optee_os/out/arm/export-ta_arm32/lib/libutils.a(memchr.o)
                              /root/devel/optee/optee_os/out/arm/export-ta_arm32/lib/libutils.a(snprintk.o) (memchr)
/root/devel/optee/optee_os/out/arm/export-ta_arm32/lib/libutils.a(arm32_aeabi_ldivmod_a32.o)
                              /root/devel/optee/optee_os/out/arm/export-ta_arm32/lib/libutils.a(snprintk.o) (__aeabi_uldivmod)
/root/devel/optee/optee_os/out/arm/export-ta_arm32/lib/libutils.a(arm32_aeabi_ldivmod.o)
                              /root/devel/optee/optee_os/out/arm/export-ta_arm32/lib/libutils.a(arm32_aeabi_ldivmod_a32.o) (__ul_divmod)
/root/devel/optee/optee_os/out/arm/export-ta_arm32/lib/libmpa.a(mpa_misc.o)
                              /root/devel/optee/optee_os/out/arm/export-ta_arm32/lib/libutee.a(tee_api_arith.o) (mpa_copy)
/root/devel/optee/optee_os/out/arm/export-ta_arm32/lib/libmpa.a(mpa_montgomery.o)
                              /root/devel/optee/optee_os/out/arm/export-ta_arm32/lib/libutee.a(tee_api_arith.o) (mpa_compute_fmm_context)
/root/devel/optee/optee_os/out/arm/export-ta_arm32/lib/libmpa.a(mpa_primetest.o)
                              /root/devel/optee/optee_os/out/arm/export-ta_arm32/lib/libutee.a(tee_api_arith.o) (mpa_is_prob_prime)
/root/devel/optee/optee_os/out/arm/export-ta_arm32/lib/libmpa.a(mpa_conv.o)
                              /root/devel/optee/optee_os/out/arm/export-ta_arm32/lib/libutee.a(tee_api_arith.o) (mpa_set_S32)
/root/devel/optee/optee_os/out/arm/export-ta_arm32/lib/libmpa.a(mpa_div.o)
                              /root/devel/optee/optee_os/out/arm/export-ta_arm32/lib/libutee.a(tee_api_arith.o) (mpa_div)
/root/devel/optee/optee_os/out/arm/export-ta_arm32/lib/libmpa.a(mpa_gcd.o)
                              /root/devel/optee/optee_os/out/arm/export-ta_arm32/lib/libutee.a(tee_api_arith.o) (mpa_gcd)
/root/devel/optee/optee_os/out/arm/export-ta_arm32/lib/libmpa.a(mpa_mem_static.o)
                              /root/devel/optee/optee_os/out/arm/export-ta_arm32/lib/libutee.a(tee_api_arith.o) (mpa_init_scratch_mem)
/root/devel/optee/optee_os/out/arm/export-ta_arm32/lib/libmpa.a(mpa_mul.o)
                              /root/devel/optee/optee_os/out/arm/export-ta_arm32/lib/libmpa.a(mpa_div.o) (__mpa_mul_add_word)
/root/devel/optee/optee_os/out/arm/export-ta_arm32/lib/libmpa.a(mpa_random.o)
                              /root/devel/optee/optee_os/out/arm/export-ta_arm32/lib/libutee.a(tee_api_arith.o) (mpa_set_random_generator)
/root/devel/optee/optee_os/out/arm/export-ta_arm32/lib/libmpa.a(mpa_shift.o)
                              /root/devel/optee/optee_os/out/arm/export-ta_arm32/lib/libmpa.a(mpa_div.o) (__mpa_shift_words_left)
/root/devel/optee/optee_os/out/arm/export-ta_arm32/lib/libmpa.a(mpa_addsub.o)
                              /root/devel/optee/optee_os/out/arm/export-ta_arm32/lib/libmpa.a(mpa_div.o) (__mpa_full_adder)
/root/devel/optee/optee_os/out/arm/export-ta_arm32/lib/libmpa.a(mpa_cmp.o)
                              /root/devel/optee/optee_os/out/arm/export-ta_arm32/lib/libmpa.a(mpa_montgomery.o) (__mpa_abs_cmp)
/root/devel/optee/optee_os/out/arm/export-ta_arm32/lib/libmpa.a(mpa_expmod.o)
                              /root/devel/optee/optee_os/out/arm/export-ta_arm32/lib/libmpa.a(mpa_primetest.o) (mpa_exp_mod)
/root/devel/optee/optee_os/out/arm/export-ta_arm32/lib/libmpa.a(mpa_init.o)
                              /root/devel/optee/optee_os/out/arm/export-ta_arm32/lib/libutee.a(tee_api_arith.o) (mpa_init_static)
/root/devel/optee/optee_os/out/arm/export-ta_arm32/lib/libmpa.a(mpa_io.o)
                              /root/devel/optee/optee_os/out/arm/export-ta_arm32/lib/libutee.a(tee_api_arith.o) (mpa_set_oct_str)
/root/devel/optee/optee_os/out/arm/export-ta_arm32/lib/libmpa.a(mpa_modulus.o)
                              /root/devel/optee/optee_os/out/arm/export-ta_arm32/lib/libutee.a(tee_api_arith.o) (mpa_mod)

Discarded input sections

 .group         0x00000000        0x8 ./hello_world_ta.o
 .group         0x00000000        0x8 ./hello_world_ta.o
 .group         0x00000000        0x8 ./hello_world_ta.o
 .group         0x00000000        0x8 ./hello_world_ta.o
 .group         0x00000000        0x8 ./hello_world_ta.o
 .group         0x00000000        0x8 ./hello_world_ta.o
 .group         0x00000000        0x8 ./hello_world_ta.o
 .group         0x00000000        0x8 ./hello_world_ta.o
 .group         0x00000000        0x8 ./hello_world_ta.o
 .group         0x00000000        0x8 ./hello_world_ta.o
 .group         0x00000000        0x8 ./hello_world_ta.o
 .group         0x00000000        0x8 ./hello_world_ta.o
 .group         0x00000000        0x8 ./hello_world_ta.o
 .group         0x00000000        0x8 ./user_ta_header.o
 .group         0x00000000        0x8 ./user_ta_header.o
 .group         0x00000000        0x8 ./user_ta_header.o
 .group         0x00000000        0x8 ./user_ta_header.o
 .group         0x00000000        0x8 ./user_ta_header.o
 .group         0x00000000        0x8 ./user_ta_header.o
 .group         0x00000000        0x8 ./user_ta_header.o
 .group         0x00000000        0x8 ./user_ta_header.o
 .group         0x00000000        0x8 ./user_ta_header.o
 .group         0x00000000        0x8 ./user_ta_header.o
 .group         0x00000000        0x8 ./user_ta_header.o
 .group         0x00000000        0x8 ./user_ta_header.o
 .group         0x00000000        0x8 ./user_ta_header.o
 .debug_macro   0x00000000      0x8c2 ./user_ta_header.o
 .debug_macro   0x00000000       0x8e ./user_ta_header.o
 .debug_macro   0x00000000      0x908 ./user_ta_header.o
 .debug_macro   0x00000000      0x188 ./user_ta_header.o
 .debug_macro   0x00000000       0x22 ./user_ta_header.o
 .debug_macro   0x00000000      0x166 ./user_ta_header.o
 .debug_macro   0x00000000       0x35 ./user_ta_header.o
 .debug_macro   0x00000000       0x34 ./user_ta_header.o
 .debug_macro   0x00000000       0x7b ./user_ta_header.o
 .debug_macro   0x00000000       0x58 ./user_ta_header.o
 .debug_macro   0x00000000       0x16 ./user_ta_header.o
 .group         0x00000000        0x8 /root/devel/optee/optee_os/out/arm/export-ta_arm32/lib/libutee.a(user_ta_entry.o)
 .group         0x00000000        0x8 /root/devel/optee/optee_os/out/arm/export-ta_arm32/lib/libutee.a(user_ta_entry.o)
 .group         0x00000000        0x8 /root/devel/optee/optee_os/out/arm/export-ta_arm32/lib/libutee.a(user_ta_entry.o)
 .group         0x00000000        0x8 /root/devel/optee/optee_os/out/arm/export-ta_arm32/lib/libutee.a(user_ta_entry.o)
 .group         0x00000000        0x8 /root/devel/optee/optee_os/out/arm/export-ta_arm32/lib/libutee.a(user_ta_entry.o)
 .group         0x00000000        0x8 /root/devel/optee/optee_os/out/arm/export-ta_arm32/lib/libutee.a(user_ta_entry.o)
 .group         0x00000000        0x8 /root/devel/optee/optee_os/out/arm/export-ta_arm32/lib/libutee.a(user_ta_entry.o)
 .group         0x00000000        0x8 /root/devel/optee/optee_os/out/arm/export-ta_arm32/lib/libutee.a(user_ta_entry.o)
 .group         0x00000000        0x8 /root/devel/optee/optee_os/out/arm/export-ta_arm32/lib/libutee.a(user_ta_entry.o)
 .group         0x00000000        0x8 /root/devel/optee/optee_os/out/arm/export-ta_arm32/lib/libutee.a(user_ta_entry.o)
 .group         0x00000000        0x8 /root/devel/optee/optee_os/out/arm/export-ta_arm32/lib/libutee.a(user_ta_entry.o)
 .group         0x00000000        0x8 /root/devel/optee/optee_os/out/arm/export-ta_arm32/lib/libutee.a(user_ta_entry.o)
 .group         0x00000000        0x8 /root/devel/optee/optee_os/out/arm/export-ta_arm32/lib/libutee.a(user_ta_entry.o)
 .group         0x00000000        0x8 /root/devel/optee/optee_os/out/arm/export-ta_arm32/lib/libutee.a(user_ta_entry.o)
 .group         0x00000000        0x8 /root/devel/optee/optee_os/out/arm/export-ta_arm32/lib/libutee.a(user_ta_entry.o)
 .group         0x00000000        0x8 /root/devel/optee/optee_os/out/arm/export-ta_arm32/lib/libutee.a(user_ta_entry.o)
 .group         0x00000000        0x8 /root/devel/optee/optee_os/out/arm/export-ta_arm32/lib/libutee.a(user_ta_entry.o)
 .group         0x00000000        0x8 /root/devel/optee/optee_os/out/arm/export-ta_arm32/lib/libutee.a(user_ta_entry.o)
 .group         0x00000000        0x8 /root/devel/optee/optee_os/out/arm/export-ta_arm32/lib/libutee.a(user_ta_entry.o)
 .debug_macro   0x00000000       0x8e /root/devel/optee/optee_os/out/arm/export-ta_arm32/lib/libutee.a(user_ta_entry.o)
 .debug_macro   0x00000000       0x22 /root/devel/optee/optee_os/out/arm/export-ta_arm32/lib/libutee.a(user_ta_entry.o)
 .debug_macro   0x00000000      0x166 /root/devel/optee/optee_os/out/arm/export-ta_arm32/lib/libutee.a(user_ta_entry.o)
 .debug_macro   0x00000000      0x908 /root/devel/optee/optee_os/out/arm/export-ta_arm32/lib/libutee.a(user_ta_entry.o)
 .debug_macro   0x00000000      0x188 /root/devel/optee/optee_os/out/arm/export-ta_arm32/lib/libutee.a(user_ta_entry.o)
 .debug_macro   0x00000000       0x35 /root/devel/optee/optee_os/out/arm/export-ta_arm32/lib/libutee.a(user_ta_entry.o)
 .debug_macro   0x00000000       0x34 /root/devel/optee/optee_os/out/arm/export-ta_arm32/lib/libutee.a(user_ta_entry.o)
 .debug_macro   0x00000000       0x10 /root/devel/optee/optee_os/out/arm/export-ta_arm32/lib/libutee.a(user_ta_entry.o)
 .debug_macro   0x00000000       0x58 /root/devel/optee/optee_os/out/arm/export-ta_arm32/lib/libutee.a(user_ta_entry.o)
 .debug_macro   0x00000000       0x76 /root/devel/optee/optee_os/out/arm/export-ta_arm32/lib/libutee.a(user_ta_entry.o)
 .group         0x00000000        0x8 /root/devel/optee/optee_os/out/arm/export-ta_arm32/lib/libutee.a(tee_api_arith.o)
 .group         0x00000000        0x8 /root/devel/optee/optee_os/out/arm/export-ta_arm32/lib/libutee.a(tee_api_arith.o)
 .group         0x00000000        0x8 /root/devel/optee/optee_os/out/arm/export-ta_arm32/lib/libutee.a(tee_api_arith.o)
 .group         0x00000000        0x8 /root/devel/optee/optee_os/out/arm/export-ta_arm32/lib/libutee.a(tee_api_arith.o)
 .group         0x00000000        0x8 /root/devel/optee/optee_os/out/arm/export-ta_arm32/lib/libutee.a(tee_api_arith.o)
 .group         0x00000000        0x8 /root/devel/optee/optee_os/out/arm/export-ta_arm32/lib/libutee.a(tee_api_arith.o)
 .group         0x00000000        0x8 /root/devel/optee/optee_os/out/arm/export-ta_arm32/lib/libutee.a(tee_api_arith.o)
 .group         0x00000000        0x8 /root/devel/optee/optee_os/out/arm/export-ta_arm32/lib/libutee.a(tee_api_arith.o)
 .group         0x00000000        0x8 /root/devel/optee/optee_os/out/arm/export-ta_arm32/lib/libutee.a(tee_api_arith.o)
 .group         0x00000000        0x8 /root/devel/optee/optee_os/out/arm/export-ta_arm32/lib/libutee.a(tee_api_arith.o)
 .group         0x00000000        0x8 /root/devel/optee/optee_os/out/arm/export-ta_arm32/lib/libutee.a(tee_api_arith.o)
 .group         0x00000000        0x8 /root/devel/optee/optee_os/out/arm/export-ta_arm32/lib/libutee.a(tee_api_arith.o)
 .group         0x00000000        0x8 /root/devel/optee/optee_os/out/arm/export-ta_arm32/lib/libutee.a(tee_api_arith.o)
 .group         0x00000000        0x8 /root/devel/optee/optee_os/out/arm/export-ta_arm32/lib/libutee.a(tee_api_arith.o)
 .group         0x00000000        0x8 /root/devel/optee/optee_os/out/arm/export-ta_arm32/lib/libutee.a(tee_api_arith.o)
 .group         0x00000000        0x8 /root/devel/optee/optee_os/out/arm/export-ta_arm32/lib/libutee.a(tee_api_arith.o)
 .group         0x00000000        0x8 /root/devel/optee/optee_os/out/arm/export-ta_arm32/lib/libutee.a(tee_api_arith.o)
 .group         0x00000000        0x8 /root/devel/optee/optee_os/out/arm/export-ta_arm32/lib/libutee.a(tee_api_arith.o)
 .group         0x00000000        0x8 /root/devel/optee/optee_os/out/arm/export-ta_arm32/lib/libutee.a(tee_api_arith.o)
 .group         0x00000000        0x8 /root/devel/optee/optee_os/out/arm/export-ta_arm32/lib/libutee.a(tee_api_arith.o)
 .debug_macro   0x00000000      0x8bc /root/devel/optee/optee_os/out/arm/export-ta_arm32/lib/libutee.a(tee_api_arith.o)
 .debug_macro   0x00000000      0x1ea /root/devel/optee/optee_os/out/arm/export-ta_arm32/lib/libutee.a(tee_api_arith.o)
 .debug_macro   0x00000000      0x166 /root/devel/optee/optee_os/out/arm/export-ta_arm32/lib/libutee.a(tee_api_arith.o)
 .debug_macro   0x00000000       0x58 /root/devel/optee/optee_os/out/arm/export-ta_arm32/lib/libutee.a(tee_api_arith.o)
 .debug_macro   0x00000000       0x8e /root/devel/optee/optee_os/out/arm/export-ta_arm32/lib/libutee.a(tee_api_arith.o)
 .debug_macro   0x00000000      0x908 /root/devel/optee/optee_os/out/arm/export-ta_arm32/lib/libutee.a(tee_api_arith.o)
 .debug_macro   0x00000000      0x188 /root/devel/optee/optee_os/out/arm/export-ta_arm32/lib/libutee.a(tee_api_arith.o)
 .debug_macro   0x00000000       0x22 /root/devel/optee/optee_os/out/arm/export-ta_arm32/lib/libutee.a(tee_api_arith.o)
 .debug_macro   0x00000000       0x35 /root/devel/optee/optee_os/out/arm/export-ta_arm32/lib/libutee.a(tee_api_arith.o)
 .debug_macro   0x00000000       0x34 /root/devel/optee/optee_os/out/arm/export-ta_arm32/lib/libutee.a(tee_api_arith.o)
 .debug_macro   0x00000000       0x7b /root/devel/optee/optee_os/out/arm/export-ta_arm32/lib/libutee.a(tee_api_arith.o)
 .debug_macro   0x00000000       0x3a /root/devel/optee/optee_os/out/arm/export-ta_arm32/lib/libutee.a(tee_api_arith.o)
 .debug_macro   0x00000000       0x7c /root/devel/optee/optee_os/out/arm/export-ta_arm32/lib/libutee.a(tee_api_arith.o)
 .debug_macro   0x00000000       0xca /root/devel/optee/optee_os/out/arm/export-ta_arm32/lib/libutee.a(tee_api_arith.o)
 .debug_macro   0x00000000       0x10 /root/devel/optee/optee_os/out/arm/export-ta_arm32/lib/libutee.a(tee_api_arith.o)
 .debug_macro   0x00000000       0x10 /root/devel/optee/optee_os/out/arm/export-ta_arm32/lib/libutee.a(tee_api_arith.o)
 .group         0x00000000        0x8 /root/devel/optee/optee_os/out/arm/export-ta_arm32/lib/libutee.a(tee_api.o)
 .group         0x00000000        0x8 /root/devel/optee/optee_os/out/arm/export-ta_arm32/lib/libutee.a(tee_api.o)
 .group         0x00000000        0x8 /root/devel/optee/optee_os/out/arm/export-ta_arm32/lib/libutee.a(tee_api.o)
 .group         0x00000000        0x8 /root/devel/optee/optee_os/out/arm/export-ta_arm32/lib/libutee.a(tee_api.o)
 .group         0x00000000        0x8 /root/devel/optee/optee_os/out/arm/export-ta_arm32/lib/libutee.a(tee_api.o)
 .group         0x00000000        0x8 /root/devel/optee/optee_os/out/arm/export-ta_arm32/lib/libutee.a(tee_api.o)
 .group         0x00000000        0x8 /root/devel/optee/optee_os/out/arm/export-ta_arm32/lib/libutee.a(tee_api.o)
 .group         0x00000000        0x8 /root/devel/optee/optee_os/out/arm/export-ta_arm32/lib/libutee.a(tee_api.o)
 .group         0x00000000        0x8 /root/devel/optee/optee_os/out/arm/export-ta_arm32/lib/libutee.a(tee_api.o)
 .group         0x00000000        0x8 /root/devel/optee/optee_os/out/arm/export-ta_arm32/lib/libutee.a(tee_api.o)
 .group         0x00000000        0x8 /root/devel/optee/optee_os/out/arm/export-ta_arm32/lib/libutee.a(tee_api.o)
 .group         0x00000000        0x8 /root/devel/optee/optee_os/out/arm/export-ta_arm32/lib/libutee.a(tee_api.o)
 .group         0x00000000        0x8 /root/devel/optee/optee_os/out/arm/export-ta_arm32/lib/libutee.a(tee_api.o)
 .group         0x00000000        0x8 /root/devel/optee/optee_os/out/arm/export-ta_arm32/lib/libutee.a(tee_api.o)
 .group         0x00000000        0x8 /root/devel/optee/optee_os/out/arm/export-ta_arm32/lib/libutee.a(tee_api.o)
 .group         0x00000000        0x8 /root/devel/optee/optee_os/out/arm/export-ta_arm32/lib/libutee.a(tee_api.o)
 .debug_macro   0x00000000      0x8bc /root/devel/optee/optee_os/out/arm/export-ta_arm32/lib/libutee.a(tee_api.o)
 .debug_macro   0x00000000      0x1ea /root/devel/optee/optee_os/out/arm/export-ta_arm32/lib/libutee.a(tee_api.o)
 .debug_macro   0x00000000       0x8e /root/devel/optee/optee_os/out/arm/export-ta_arm32/lib/libutee.a(tee_api.o)
 .debug_macro   0x00000000      0x166 /root/devel/optee/optee_os/out/arm/export-ta_arm32/lib/libutee.a(tee_api.o)
 .debug_macro   0x00000000       0x7c /root/devel/optee/optee_os/out/arm/export-ta_arm32/lib/libutee.a(tee_api.o)
 .debug_macro   0x00000000      0x188 /root/devel/optee/optee_os/out/arm/export-ta_arm32/lib/libutee.a(tee_api.o)
 .debug_macro   0x00000000       0x22 /root/devel/optee/optee_os/out/arm/export-ta_arm32/lib/libutee.a(tee_api.o)
 .debug_macro   0x00000000       0x10 /root/devel/optee/optee_os/out/arm/export-ta_arm32/lib/libutee.a(tee_api.o)
 .debug_macro   0x00000000       0x10 /root/devel/optee/optee_os/out/arm/export-ta_arm32/lib/libutee.a(tee_api.o)
 .debug_macro   0x00000000      0x908 /root/devel/optee/optee_os/out/arm/export-ta_arm32/lib/libutee.a(tee_api.o)
 .debug_macro   0x00000000       0x35 /root/devel/optee/optee_os/out/arm/export-ta_arm32/lib/libutee.a(tee_api.o)
 .debug_macro   0x00000000       0x34 /root/devel/optee/optee_os/out/arm/export-ta_arm32/lib/libutee.a(tee_api.o)
 .debug_macro   0x00000000       0x7b /root/devel/optee/optee_os/out/arm/export-ta_arm32/lib/libutee.a(tee_api.o)
 .debug_macro   0x00000000       0x76 /root/devel/optee/optee_os/out/arm/export-ta_arm32/lib/libutee.a(tee_api.o)
 .debug_macro   0x00000000       0x58 /root/devel/optee/optee_os/out/arm/export-ta_arm32/lib/libutee.a(tee_api.o)
 .group         0x00000000        0x8 /root/devel/optee/optee_os/out/arm/export-ta_arm32/lib/libutee.a(tee_api_panic.o)
 .group         0x00000000        0x8 /root/devel/optee/optee_os/out/arm/export-ta_arm32/lib/libutee.a(tee_api_panic.o)
 .group         0x00000000        0x8 /root/devel/optee/optee_os/out/arm/export-ta_arm32/lib/libutee.a(tee_api_panic.o)
 .group         0x00000000        0x8 /root/devel/optee/optee_os/out/arm/export-ta_arm32/lib/libutee.a(tee_api_panic.o)
 .group         0x00000000        0x8 /root/devel/optee/optee_os/out/arm/export-ta_arm32/lib/libutee.a(tee_api_panic.o)
 .group         0x00000000        0x8 /root/devel/optee/optee_os/out/arm/export-ta_arm32/lib/libutee.a(tee_api_panic.o)
 .group         0x00000000        0x8 /root/devel/optee/optee_os/out/arm/export-ta_arm32/lib/libutee.a(tee_api_panic.o)
 .group         0x00000000        0x8 /root/devel/optee/optee_os/out/arm/export-ta_arm32/lib/libutee.a(tee_api_panic.o)
 .group         0x00000000        0x8 /root/devel/optee/optee_os/out/arm/export-ta_arm32/lib/libutee.a(tee_api_panic.o)
 .group         0x00000000        0x8 /root/devel/optee/optee_os/out/arm/export-ta_arm32/lib/libutee.a(tee_api_panic.o)
 .group         0x00000000        0x8 /root/devel/optee/optee_os/out/arm/export-ta_arm32/lib/libutee.a(tee_api_panic.o)
 .debug_macro   0x00000000      0x8bc /root/devel/optee/optee_os/out/arm/export-ta_arm32/lib/libutee.a(tee_api_panic.o)
 .debug_macro   0x00000000      0x1ea /root/devel/optee/optee_os/out/arm/export-ta_arm32/lib/libutee.a(tee_api_panic.o)
 .debug_macro   0x00000000      0x166 /root/devel/optee/optee_os/out/arm/export-ta_arm32/lib/libutee.a(tee_api_panic.o)
 .debug_macro   0x00000000       0x8e /root/devel/optee/optee_os/out/arm/export-ta_arm32/lib/libutee.a(tee_api_panic.o)
 .debug_macro   0x00000000      0x908 /root/devel/optee/optee_os/out/arm/export-ta_arm32/lib/libutee.a(tee_api_panic.o)
 .debug_macro   0x00000000      0x188 /root/devel/optee/optee_os/out/arm/export-ta_arm32/lib/libutee.a(tee_api_panic.o)
 .debug_macro   0x00000000       0x22 /root/devel/optee/optee_os/out/arm/export-ta_arm32/lib/libutee.a(tee_api_panic.o)
 .debug_macro   0x00000000       0x35 /root/devel/optee/optee_os/out/arm/export-ta_arm32/lib/libutee.a(tee_api_panic.o)
 .debug_macro   0x00000000       0x34 /root/devel/optee/optee_os/out/arm/export-ta_arm32/lib/libutee.a(tee_api_panic.o)
 .debug_macro   0x00000000       0x7b /root/devel/optee/optee_os/out/arm/export-ta_arm32/lib/libutee.a(tee_api_panic.o)
 .debug_macro   0x00000000       0xca /root/devel/optee/optee_os/out/arm/export-ta_arm32/lib/libutee.a(tee_api_panic.o)
 .group         0x00000000        0x8 /root/devel/optee/optee_os/out/arm/export-ta_arm32/lib/libutee.a(utee_misc.o)
 .group         0x00000000        0x8 /root/devel/optee/optee_os/out/arm/export-ta_arm32/lib/libutee.a(utee_misc.o)
 .group         0x00000000        0x8 /root/devel/optee/optee_os/out/arm/export-ta_arm32/lib/libutee.a(utee_misc.o)
 .group         0x00000000        0x8 /root/devel/optee/optee_os/out/arm/export-ta_arm32/lib/libutee.a(utee_misc.o)
 .group         0x00000000        0x8 /root/devel/optee/optee_os/out/arm/export-ta_arm32/lib/libutee.a(utee_misc.o)
 .group         0x00000000        0x8 /root/devel/optee/optee_os/out/arm/export-ta_arm32/lib/libutee.a(utee_misc.o)
 .group         0x00000000        0x8 /root/devel/optee/optee_os/out/arm/export-ta_arm32/lib/libutee.a(utee_misc.o)
 .group         0x00000000        0x8 /root/devel/optee/optee_os/out/arm/export-ta_arm32/lib/libutee.a(utee_misc.o)
 .group         0x00000000        0x8 /root/devel/optee/optee_os/out/arm/export-ta_arm32/lib/libutee.a(utee_misc.o)
 .group         0x00000000        0x8 /root/devel/optee/optee_os/out/arm/export-ta_arm32/lib/libutee.a(utee_misc.o)
 .group         0x00000000        0x8 /root/devel/optee/optee_os/out/arm/export-ta_arm32/lib/libutee.a(utee_misc.o)
 .group         0x00000000        0x8 /root/devel/optee/optee_os/out/arm/export-ta_arm32/lib/libutee.a(utee_misc.o)
 .group         0x00000000        0x8 /root/devel/optee/optee_os/out/arm/export-ta_arm32/lib/libutee.a(utee_misc.o)
 .debug_macro   0x00000000      0x8bc /root/devel/optee/optee_os/out/arm/export-ta_arm32/lib/libutee.a(utee_misc.o)
 .debug_macro   0x00000000      0x1ea /root/devel/optee/optee_os/out/arm/export-ta_arm32/lib/libutee.a(utee_misc.o)
 .debug_macro   0x00000000       0x8e /root/devel/optee/optee_os/out/arm/export-ta_arm32/lib/libutee.a(utee_misc.o)
 .debug_macro   0x00000000      0x166 /root/devel/optee/optee_os/out/arm/export-ta_arm32/lib/libutee.a(utee_misc.o)
 .debug_macro   0x00000000       0x7c /root/devel/optee/optee_os/out/arm/export-ta_arm32/lib/libutee.a(utee_misc.o)
 .debug_macro   0x00000000      0x188 /root/devel/optee/optee_os/out/arm/export-ta_arm32/lib/libutee.a(utee_misc.o)
 .debug_macro   0x00000000       0xc4 /root/devel/optee/optee_os/out/arm/export-ta_arm32/lib/libutee.a(utee_misc.o)
 .debug_macro   0x00000000       0x22 /root/devel/optee/optee_os/out/arm/export-ta_arm32/lib/libutee.a(utee_misc.o)
 .debug_macro   0x00000000       0x10 /root/devel/optee/optee_os/out/arm/export-ta_arm32/lib/libutee.a(utee_misc.o)
 .debug_macro   0x00000000      0x908 /root/devel/optee/optee_os/out/arm/export-ta_arm32/lib/libutee.a(utee_misc.o)
 .debug_macro   0x00000000       0x35 /root/devel/optee/optee_os/out/arm/export-ta_arm32/lib/libutee.a(utee_misc.o)
 .debug_macro   0x00000000       0x34 /root/devel/optee/optee_os/out/arm/export-ta_arm32/lib/libutee.a(utee_misc.o)
 .debug_macro   0x00000000       0x7b /root/devel/optee/optee_os/out/arm/export-ta_arm32/lib/libutee.a(utee_misc.o)
 .group         0x00000000        0x8 /root/devel/optee/optee_os/out/arm/export-ta_arm32/lib/libutee.a(tee_user_mem.o)
 .group         0x00000000        0x8 /root/devel/optee/optee_os/out/arm/export-ta_arm32/lib/libutee.a(tee_user_mem.o)
 .group         0x00000000        0x8 /root/devel/optee/optee_os/out/arm/export-ta_arm32/lib/libutee.a(tee_user_mem.o)
 .group         0x00000000        0x8 /root/devel/optee/optee_os/out/arm/export-ta_arm32/lib/libutee.a(tee_user_mem.o)
 .group         0x00000000        0x8 /root/devel/optee/optee_os/out/arm/export-ta_arm32/lib/libutee.a(tee_user_mem.o)
 .group         0x00000000        0x8 /root/devel/optee/optee_os/out/arm/export-ta_arm32/lib/libutee.a(tee_user_mem.o)
 .group         0x00000000        0x8 /root/devel/optee/optee_os/out/arm/export-ta_arm32/lib/libutee.a(tee_user_mem.o)
 .group         0x00000000        0x8 /root/devel/optee/optee_os/out/arm/export-ta_arm32/lib/libutee.a(tee_user_mem.o)
 .group         0x00000000        0x8 /root/devel/optee/optee_os/out/arm/export-ta_arm32/lib/libutee.a(tee_user_mem.o)
 .group         0x00000000        0x8 /root/devel/optee/optee_os/out/arm/export-ta_arm32/lib/libutee.a(tee_user_mem.o)
 .group         0x00000000        0x8 /root/devel/optee/optee_os/out/arm/export-ta_arm32/lib/libutee.a(tee_user_mem.o)
 .group         0x00000000        0x8 /root/devel/optee/optee_os/out/arm/export-ta_arm32/lib/libutee.a(tee_user_mem.o)
 .group         0x00000000        0x8 /root/devel/optee/optee_os/out/arm/export-ta_arm32/lib/libutee.a(tee_user_mem.o)
 .group         0x00000000        0x8 /root/devel/optee/optee_os/out/arm/export-ta_arm32/lib/libutee.a(tee_user_mem.o)
 .group         0x00000000        0x8 /root/devel/optee/optee_os/out/arm/export-ta_arm32/lib/libutee.a(tee_user_mem.o)
 .group         0x00000000        0x8 /root/devel/optee/optee_os/out/arm/export-ta_arm32/lib/libutee.a(tee_user_mem.o)
 .group         0x00000000        0x8 /root/devel/optee/optee_os/out/arm/export-ta_arm32/lib/libutee.a(tee_user_mem.o)
 .group         0x00000000        0x8 /root/devel/optee/optee_os/out/arm/export-ta_arm32/lib/libutee.a(tee_user_mem.o)
 .group         0x00000000        0x8 /root/devel/optee/optee_os/out/arm/export-ta_arm32/lib/libutee.a(tee_user_mem.o)
 .debug_macro   0x00000000      0x8bc /root/devel/optee/optee_os/out/arm/export-ta_arm32/lib/libutee.a(tee_user_mem.o)
 .debug_macro   0x00000000      0x1ea /root/devel/optee/optee_os/out/arm/export-ta_arm32/lib/libutee.a(tee_user_mem.o)
 .debug_macro   0x00000000      0x188 /root/devel/optee/optee_os/out/arm/export-ta_arm32/lib/libutee.a(tee_user_mem.o)
 .debug_macro   0x00000000       0xc4 /root/devel/optee/optee_os/out/arm/export-ta_arm32/lib/libutee.a(tee_user_mem.o)
 .debug_macro   0x00000000      0x166 /root/devel/optee/optee_os/out/arm/export-ta_arm32/lib/libutee.a(tee_user_mem.o)
 .debug_macro   0x00000000       0x10 /root/devel/optee/optee_os/out/arm/export-ta_arm32/lib/libutee.a(tee_user_mem.o)
 .debug_macro   0x00000000       0x8e /root/devel/optee/optee_os/out/arm/export-ta_arm32/lib/libutee.a(tee_user_mem.o)
 .debug_macro   0x00000000       0x7c /root/devel/optee/optee_os/out/arm/export-ta_arm32/lib/libutee.a(tee_user_mem.o)
 .debug_macro   0x00000000       0x22 /root/devel/optee/optee_os/out/arm/export-ta_arm32/lib/libutee.a(tee_user_mem.o)
 .debug_macro   0x00000000       0x10 /root/devel/optee/optee_os/out/arm/export-ta_arm32/lib/libutee.a(tee_user_mem.o)
 .debug_macro   0x00000000      0x2cd /root/devel/optee/optee_os/out/arm/export-ta_arm32/lib/libutee.a(tee_user_mem.o)
 .debug_macro   0x00000000      0x908 /root/devel/optee/optee_os/out/arm/export-ta_arm32/lib/libutee.a(tee_user_mem.o)
 .debug_macro   0x00000000       0x35 /root/devel/optee/optee_os/out/arm/export-ta_arm32/lib/libutee.a(tee_user_mem.o)
 .debug_macro   0x00000000       0x34 /root/devel/optee/optee_os/out/arm/export-ta_arm32/lib/libutee.a(tee_user_mem.o)
 .debug_macro   0x00000000       0x7b /root/devel/optee/optee_os/out/arm/export-ta_arm32/lib/libutee.a(tee_user_mem.o)
 .debug_macro   0x00000000       0x58 /root/devel/optee/optee_os/out/arm/export-ta_arm32/lib/libutee.a(tee_user_mem.o)
 .group         0x00000000        0x8 /root/devel/optee/optee_os/out/arm/export-ta_arm32/lib/libutee.a(trace_ext.o)
 .group         0x00000000        0x8 /root/devel/optee/optee_os/out/arm/export-ta_arm32/lib/libutee.a(trace_ext.o)
 .group         0x00000000        0x8 /root/devel/optee/optee_os/out/arm/export-ta_arm32/lib/libutee.a(trace_ext.o)
 .group         0x00000000        0x8 /root/devel/optee/optee_os/out/arm/export-ta_arm32/lib/libutee.a(trace_ext.o)
 .group         0x00000000        0x8 /root/devel/optee/optee_os/out/arm/export-ta_arm32/lib/libutee.a(trace_ext.o)
 .group         0x00000000        0x8 /root/devel/optee/optee_os/out/arm/export-ta_arm32/lib/libutee.a(trace_ext.o)
 .group         0x00000000        0x8 /root/devel/optee/optee_os/out/arm/export-ta_arm32/lib/libutee.a(trace_ext.o)
 .group         0x00000000        0x8 /root/devel/optee/optee_os/out/arm/export-ta_arm32/lib/libutee.a(trace_ext.o)
 .group         0x00000000        0x8 /root/devel/optee/optee_os/out/arm/export-ta_arm32/lib/libutee.a(trace_ext.o)
 .group         0x00000000        0x8 /root/devel/optee/optee_os/out/arm/export-ta_arm32/lib/libutee.a(trace_ext.o)
 .group         0x00000000        0x8 /root/devel/optee/optee_os/out/arm/export-ta_arm32/lib/libutee.a(trace_ext.o)
 .group         0x00000000        0x8 /root/devel/optee/optee_os/out/arm/export-ta_arm32/lib/libutee.a(trace_ext.o)
 .group         0x00000000        0x8 /root/devel/optee/optee_os/out/arm/export-ta_arm32/lib/libutee.a(trace_ext.o)
 .group         0x00000000        0x8 /root/devel/optee/optee_os/out/arm/export-ta_arm32/lib/libutee.a(trace_ext.o)
 .debug_macro   0x00000000      0x8bc /root/devel/optee/optee_os/out/arm/export-ta_arm32/lib/libutee.a(trace_ext.o)
 .debug_macro   0x00000000      0x1ea /root/devel/optee/optee_os/out/arm/export-ta_arm32/lib/libutee.a(trace_ext.o)
 .debug_macro   0x00000000      0x166 /root/devel/optee/optee_os/out/arm/export-ta_arm32/lib/libutee.a(trace_ext.o)
 .debug_macro   0x00000000       0x58 /root/devel/optee/optee_os/out/arm/export-ta_arm32/lib/libutee.a(trace_ext.o)
 .debug_macro   0x00000000       0x10 /root/devel/optee/optee_os/out/arm/export-ta_arm32/lib/libutee.a(trace_ext.o)
 .debug_macro   0x00000000       0x22 /root/devel/optee/optee_os/out/arm/export-ta_arm32/lib/libutee.a(trace_ext.o)
 .debug_macro   0x00000000       0x8e /root/devel/optee/optee_os/out/arm/export-ta_arm32/lib/libutee.a(trace_ext.o)
 .debug_macro   0x00000000       0x34 /root/devel/optee/optee_os/out/arm/export-ta_arm32/lib/libutee.a(trace_ext.o)
 .debug_macro   0x00000000       0x7b /root/devel/optee/optee_os/out/arm/export-ta_arm32/lib/libutee.a(trace_ext.o)
 .debug_macro   0x00000000       0x46 /root/devel/optee/optee_os/out/arm/export-ta_arm32/lib/libutee.a(trace_ext.o)
 .debug_macro   0x00000000      0x188 /root/devel/optee/optee_os/out/arm/export-ta_arm32/lib/libutee.a(trace_ext.o)
 .debug_macro   0x00000000       0xca /root/devel/optee/optee_os/out/arm/export-ta_arm32/lib/libutee.a(trace_ext.o)
 .debug_macro   0x00000000      0x908 /root/devel/optee/optee_os/out/arm/export-ta_arm32/lib/libutee.a(trace_ext.o)
 .debug_macro   0x00000000       0x35 /root/devel/optee/optee_os/out/arm/export-ta_arm32/lib/libutee.a(trace_ext.o)
 .group         0x00000000        0x8 /root/devel/optee/optee_os/out/arm/export-ta_arm32/lib/libutee.a(assert.o)
 .group         0x00000000        0x8 /root/devel/optee/optee_os/out/arm/export-ta_arm32/lib/libutee.a(assert.o)
 .group         0x00000000        0x8 /root/devel/optee/optee_os/out/arm/export-ta_arm32/lib/libutee.a(assert.o)
 .group         0x00000000        0x8 /root/devel/optee/optee_os/out/arm/export-ta_arm32/lib/libutee.a(assert.o)
 .group         0x00000000        0x8 /root/devel/optee/optee_os/out/arm/export-ta_arm32/lib/libutee.a(assert.o)
 .group         0x00000000        0x8 /root/devel/optee/optee_os/out/arm/export-ta_arm32/lib/libutee.a(assert.o)
 .group         0x00000000        0x8 /root/devel/optee/optee_os/out/arm/export-ta_arm32/lib/libutee.a(assert.o)
 .group         0x00000000        0x8 /root/devel/optee/optee_os/out/arm/export-ta_arm32/lib/libutee.a(assert.o)
 .group         0x00000000        0x8 /root/devel/optee/optee_os/out/arm/export-ta_arm32/lib/libutee.a(assert.o)
 .group         0x00000000        0x8 /root/devel/optee/optee_os/out/arm/export-ta_arm32/lib/libutee.a(assert.o)
 .group         0x00000000        0x8 /root/devel/optee/optee_os/out/arm/export-ta_arm32/lib/libutee.a(assert.o)
 .group         0x00000000        0x8 /root/devel/optee/optee_os/out/arm/export-ta_arm32/lib/libutee.a(assert.o)
 .group         0x00000000        0x8 /root/devel/optee/optee_os/out/arm/export-ta_arm32/lib/libutee.a(assert.o)
 .group         0x00000000        0x8 /root/devel/optee/optee_os/out/arm/export-ta_arm32/lib/libutee.a(assert.o)
 .group         0x00000000        0x8 /root/devel/optee/optee_os/out/arm/export-ta_arm32/lib/libutee.a(assert.o)
 .debug_macro   0x00000000      0x8bc /root/devel/optee/optee_os/out/arm/export-ta_arm32/lib/libutee.a(assert.o)
 .debug_macro   0x00000000      0x1ea /root/devel/optee/optee_os/out/arm/export-ta_arm32/lib/libutee.a(assert.o)
 .debug_macro   0x00000000       0x8e /root/devel/optee/optee_os/out/arm/export-ta_arm32/lib/libutee.a(assert.o)
 .debug_macro   0x00000000      0x166 /root/devel/optee/optee_os/out/arm/export-ta_arm32/lib/libutee.a(assert.o)
 .debug_macro   0x00000000      0x908 /root/devel/optee/optee_os/out/arm/export-ta_arm32/lib/libutee.a(assert.o)
 .debug_macro   0x00000000      0x188 /root/devel/optee/optee_os/out/arm/export-ta_arm32/lib/libutee.a(assert.o)
 .debug_macro   0x00000000       0x22 /root/devel/optee/optee_os/out/arm/export-ta_arm32/lib/libutee.a(assert.o)
 .debug_macro   0x00000000       0x35 /root/devel/optee/optee_os/out/arm/export-ta_arm32/lib/libutee.a(assert.o)
 .debug_macro   0x00000000       0x34 /root/devel/optee/optee_os/out/arm/export-ta_arm32/lib/libutee.a(assert.o)
 .debug_macro   0x00000000       0x7b /root/devel/optee/optee_os/out/arm/export-ta_arm32/lib/libutee.a(assert.o)
 .debug_macro   0x00000000       0x10 /root/devel/optee/optee_os/out/arm/export-ta_arm32/lib/libutee.a(assert.o)
 .debug_macro   0x00000000       0x1c /root/devel/optee/optee_os/out/arm/export-ta_arm32/lib/libutee.a(assert.o)
 .debug_macro   0x00000000       0x58 /root/devel/optee/optee_os/out/arm/export-ta_arm32/lib/libutee.a(assert.o)
 .debug_macro   0x00000000       0xca /root/devel/optee/optee_os/out/arm/export-ta_arm32/lib/libutee.a(assert.o)
 .group         0x00000000        0x8 /root/devel/optee/optee_os/out/arm/export-ta_arm32/lib/libutils.a(bget_malloc.o)
 .group         0x00000000        0x8 /root/devel/optee/optee_os/out/arm/export-ta_arm32/lib/libutils.a(bget_malloc.o)
 .group         0x00000000        0x8 /root/devel/optee/optee_os/out/arm/export-ta_arm32/lib/libutils.a(bget_malloc.o)
 .group         0x00000000        0x8 /root/devel/optee/optee_os/out/arm/export-ta_arm32/lib/libutils.a(bget_malloc.o)
 .group         0x00000000        0x8 /root/devel/optee/optee_os/out/arm/export-ta_arm32/lib/libutils.a(bget_malloc.o)
 .group         0x00000000        0x8 /root/devel/optee/optee_os/out/arm/export-ta_arm32/lib/libutils.a(bget_malloc.o)
 .group         0x00000000        0x8 /root/devel/optee/optee_os/out/arm/export-ta_arm32/lib/libutils.a(bget_malloc.o)
 .group         0x00000000        0x8 /root/devel/optee/optee_os/out/arm/export-ta_arm32/lib/libutils.a(bget_malloc.o)
 .group         0x00000000        0x8 /root/devel/optee/optee_os/out/arm/export-ta_arm32/lib/libutils.a(bget_malloc.o)
 .group         0x00000000        0x8 /root/devel/optee/optee_os/out/arm/export-ta_arm32/lib/libutils.a(bget_malloc.o)
 .group         0x00000000        0x8 /root/devel/optee/optee_os/out/arm/export-ta_arm32/lib/libutils.a(bget_malloc.o)
 .group         0x00000000        0x8 /root/devel/optee/optee_os/out/arm/export-ta_arm32/lib/libutils.a(bget_malloc.o)
 .group         0x00000000        0x8 /root/devel/optee/optee_os/out/arm/export-ta_arm32/lib/libutils.a(bget_malloc.o)
 .group         0x00000000        0x8 /root/devel/optee/optee_os/out/arm/export-ta_arm32/lib/libutils.a(bget_malloc.o)
 .debug_macro   0x00000000      0x8bc /root/devel/optee/optee_os/out/arm/export-ta_arm32/lib/libutils.a(bget_malloc.o)
 .debug_macro   0x00000000      0x1ea /root/devel/optee/optee_os/out/arm/export-ta_arm32/lib/libutils.a(bget_malloc.o)
 .debug_macro   0x00000000       0x8e /root/devel/optee/optee_os/out/arm/export-ta_arm32/lib/libutils.a(bget_malloc.o)
 .debug_macro   0x00000000      0x166 /root/devel/optee/optee_os/out/arm/export-ta_arm32/lib/libutils.a(bget_malloc.o)
 .debug_macro   0x00000000       0x7c /root/devel/optee/optee_os/out/arm/export-ta_arm32/lib/libutils.a(bget_malloc.o)
 .debug_macro   0x00000000      0x188 /root/devel/optee/optee_os/out/arm/export-ta_arm32/lib/libutils.a(bget_malloc.o)
 .debug_macro   0x00000000       0xc4 /root/devel/optee/optee_os/out/arm/export-ta_arm32/lib/libutils.a(bget_malloc.o)
 .debug_macro   0x00000000       0x22 /root/devel/optee/optee_os/out/arm/export-ta_arm32/lib/libutils.a(bget_malloc.o)
 .debug_macro   0x00000000       0x10 /root/devel/optee/optee_os/out/arm/export-ta_arm32/lib/libutils.a(bget_malloc.o)
 .debug_macro   0x00000000       0x58 /root/devel/optee/optee_os/out/arm/export-ta_arm32/lib/libutils.a(bget_malloc.o)
 .debug_macro   0x00000000       0x16 /root/devel/optee/optee_os/out/arm/export-ta_arm32/lib/libutils.a(bget_malloc.o)
 .debug_macro   0x00000000       0x10 /root/devel/optee/optee_os/out/arm/export-ta_arm32/lib/libutils.a(bget_malloc.o)
 .debug_macro   0x00000000       0x46 /root/devel/optee/optee_os/out/arm/export-ta_arm32/lib/libutils.a(bget_malloc.o)
 .group         0x00000000        0x8 /root/devel/optee/optee_os/out/arm/export-ta_arm32/lib/libutils.a(snprintf.o)
 .group         0x00000000        0x8 /root/devel/optee/optee_os/out/arm/export-ta_arm32/lib/libutils.a(snprintf.o)
 .group         0x00000000        0x8 /root/devel/optee/optee_os/out/arm/export-ta_arm32/lib/libutils.a(snprintf.o)
 .group         0x00000000        0x8 /root/devel/optee/optee_os/out/arm/export-ta_arm32/lib/libutils.a(snprintf.o)
 .group         0x00000000        0x8 /root/devel/optee/optee_os/out/arm/export-ta_arm32/lib/libutils.a(snprintf.o)
 .debug_macro   0x00000000      0x8bc /root/devel/optee/optee_os/out/arm/export-ta_arm32/lib/libutils.a(snprintf.o)
 .debug_macro   0x00000000      0x1ea /root/devel/optee/optee_os/out/arm/export-ta_arm32/lib/libutils.a(snprintf.o)
 .debug_macro   0x00000000      0x166 /root/devel/optee/optee_os/out/arm/export-ta_arm32/lib/libutils.a(snprintf.o)
 .debug_macro   0x00000000       0x58 /root/devel/optee/optee_os/out/arm/export-ta_arm32/lib/libutils.a(snprintf.o)
 .debug_macro   0x00000000       0x22 /root/devel/optee/optee_os/out/arm/export-ta_arm32/lib/libutils.a(snprintf.o)
 .group         0x00000000        0x8 /root/devel/optee/optee_os/out/arm/export-ta_arm32/lib/libutils.a(memcmp.o)
 .group         0x00000000        0x8 /root/devel/optee/optee_os/out/arm/export-ta_arm32/lib/libutils.a(memcmp.o)
 .group         0x00000000        0x8 /root/devel/optee/optee_os/out/arm/export-ta_arm32/lib/libutils.a(memcmp.o)
 .group         0x00000000        0x8 /root/devel/optee/optee_os/out/arm/export-ta_arm32/lib/libutils.a(memcmp.o)
 .group         0x00000000        0x8 /root/devel/optee/optee_os/out/arm/export-ta_arm32/lib/libutils.a(memcmp.o)
 .debug_macro   0x00000000      0x8bc /root/devel/optee/optee_os/out/arm/export-ta_arm32/lib/libutils.a(memcmp.o)
 .debug_macro   0x00000000      0x1ea /root/devel/optee/optee_os/out/arm/export-ta_arm32/lib/libutils.a(memcmp.o)
 .debug_macro   0x00000000      0x166 /root/devel/optee/optee_os/out/arm/export-ta_arm32/lib/libutils.a(memcmp.o)
 .debug_macro   0x00000000       0x10 /root/devel/optee/optee_os/out/arm/export-ta_arm32/lib/libutils.a(memcmp.o)
 .group         0x00000000        0x8 /root/devel/optee/optee_os/out/arm/export-ta_arm32/lib/libutils.a(memcpy.o)
 .group         0x00000000        0x8 /root/devel/optee/optee_os/out/arm/export-ta_arm32/lib/libutils.a(memcpy.o)
 .group         0x00000000        0x8 /root/devel/optee/optee_os/out/arm/export-ta_arm32/lib/libutils.a(memcpy.o)
 .group         0x00000000        0x8 /root/devel/optee/optee_os/out/arm/export-ta_arm32/lib/libutils.a(memcpy.o)
 .group         0x00000000        0x8 /root/devel/optee/optee_os/out/arm/export-ta_arm32/lib/libutils.a(memcpy.o)
 .debug_macro   0x00000000      0x8bc /root/devel/optee/optee_os/out/arm/export-ta_arm32/lib/libutils.a(memcpy.o)
 .debug_macro   0x00000000      0x1ea /root/devel/optee/optee_os/out/arm/export-ta_arm32/lib/libutils.a(memcpy.o)
 .debug_macro   0x00000000       0x7c /root/devel/optee/optee_os/out/arm/export-ta_arm32/lib/libutils.a(memcpy.o)
 .debug_macro   0x00000000      0x166 /root/devel/optee/optee_os/out/arm/export-ta_arm32/lib/libutils.a(memcpy.o)
 .debug_macro   0x00000000       0x10 /root/devel/optee/optee_os/out/arm/export-ta_arm32/lib/libutils.a(memcpy.o)
 .group         0x00000000        0x8 /root/devel/optee/optee_os/out/arm/export-ta_arm32/lib/libutils.a(memmove.o)
 .group         0x00000000        0x8 /root/devel/optee/optee_os/out/arm/export-ta_arm32/lib/libutils.a(memmove.o)
 .group         0x00000000        0x8 /root/devel/optee/optee_os/out/arm/export-ta_arm32/lib/libutils.a(memmove.o)
 .group         0x00000000        0x8 /root/devel/optee/optee_os/out/arm/export-ta_arm32/lib/libutils.a(memmove.o)
 .group         0x00000000        0x8 /root/devel/optee/optee_os/out/arm/export-ta_arm32/lib/libutils.a(memmove.o)
 .group         0x00000000        0x8 /root/devel/optee/optee_os/out/arm/export-ta_arm32/lib/libutils.a(memmove.o)
 .debug_macro   0x00000000      0x8bc /root/devel/optee/optee_os/out/arm/export-ta_arm32/lib/libutils.a(memmove.o)
 .debug_macro   0x00000000      0x1ea /root/devel/optee/optee_os/out/arm/export-ta_arm32/lib/libutils.a(memmove.o)
 .debug_macro   0x00000000      0x166 /root/devel/optee/optee_os/out/arm/export-ta_arm32/lib/libutils.a(memmove.o)
 .debug_macro   0x00000000       0x10 /root/devel/optee/optee_os/out/arm/export-ta_arm32/lib/libutils.a(memmove.o)
 .debug_macro   0x00000000       0x7c /root/devel/optee/optee_os/out/arm/export-ta_arm32/lib/libutils.a(memmove.o)
 .debug_macro   0x00000000       0x7c /root/devel/optee/optee_os/out/arm/export-ta_arm32/lib/libutils.a(memmove.o)
 .group         0x00000000        0x8 /root/devel/optee/optee_os/out/arm/export-ta_arm32/lib/libutils.a(memset.o)
 .group         0x00000000        0x8 /root/devel/optee/optee_os/out/arm/export-ta_arm32/lib/libutils.a(memset.o)
 .group         0x00000000        0x8 /root/devel/optee/optee_os/out/arm/export-ta_arm32/lib/libutils.a(memset.o)
 .group         0x00000000        0x8 /root/devel/optee/optee_os/out/arm/export-ta_arm32/lib/libutils.a(memset.o)
 .group         0x00000000        0x8 /root/devel/optee/optee_os/out/arm/export-ta_arm32/lib/libutils.a(memset.o)
 .debug_macro   0x00000000      0x8bc /root/devel/optee/optee_os/out/arm/export-ta_arm32/lib/libutils.a(memset.o)
 .debug_macro   0x00000000      0x1ea /root/devel/optee/optee_os/out/arm/export-ta_arm32/lib/libutils.a(memset.o)
 .debug_macro   0x00000000       0x7c /root/devel/optee/optee_os/out/arm/export-ta_arm32/lib/libutils.a(memset.o)
 .debug_macro   0x00000000      0x166 /root/devel/optee/optee_os/out/arm/export-ta_arm32/lib/libutils.a(memset.o)
 .debug_macro   0x00000000       0x10 /root/devel/optee/optee_os/out/arm/export-ta_arm32/lib/libutils.a(memset.o)
 .group         0x00000000        0x8 /root/devel/optee/optee_os/out/arm/export-ta_arm32/lib/libutils.a(strlen.o)
 .group         0x00000000        0x8 /root/devel/optee/optee_os/out/arm/export-ta_arm32/lib/libutils.a(strlen.o)
 .group         0x00000000        0x8 /root/devel/optee/optee_os/out/arm/export-ta_arm32/lib/libutils.a(strlen.o)
 .group         0x00000000        0x8 /root/devel/optee/optee_os/out/arm/export-ta_arm32/lib/libutils.a(strlen.o)
 .group         0x00000000        0x8 /root/devel/optee/optee_os/out/arm/export-ta_arm32/lib/libutils.a(strlen.o)
 .group         0x00000000        0x8 /root/devel/optee/optee_os/out/arm/export-ta_arm32/lib/libutils.a(strlen.o)
 .debug_macro   0x00000000      0x8bc /root/devel/optee/optee_os/out/arm/export-ta_arm32/lib/libutils.a(strlen.o)
 .debug_macro   0x00000000      0x1ea /root/devel/optee/optee_os/out/arm/export-ta_arm32/lib/libutils.a(strlen.o)
 .debug_macro   0x00000000       0x7c /root/devel/optee/optee_os/out/arm/export-ta_arm32/lib/libutils.a(strlen.o)
 .debug_macro   0x00000000      0x166 /root/devel/optee/optee_os/out/arm/export-ta_arm32/lib/libutils.a(strlen.o)
 .debug_macro   0x00000000       0x10 /root/devel/optee/optee_os/out/arm/export-ta_arm32/lib/libutils.a(strlen.o)
 .debug_macro   0x00000000       0x7c /root/devel/optee/optee_os/out/arm/export-ta_arm32/lib/libutils.a(strlen.o)
 .group         0x00000000        0x8 /root/devel/optee/optee_os/out/arm/export-ta_arm32/lib/libutils.a(snprintk.o)
 .group         0x00000000        0x8 /root/devel/optee/optee_os/out/arm/export-ta_arm32/lib/libutils.a(snprintk.o)
 .group         0x00000000        0x8 /root/devel/optee/optee_os/out/arm/export-ta_arm32/lib/libutils.a(snprintk.o)
 .group         0x00000000        0x8 /root/devel/optee/optee_os/out/arm/export-ta_arm32/lib/libutils.a(snprintk.o)
 .group         0x00000000        0x8 /root/devel/optee/optee_os/out/arm/export-ta_arm32/lib/libutils.a(snprintk.o)
 .group         0x00000000        0x8 /root/devel/optee/optee_os/out/arm/export-ta_arm32/lib/libutils.a(snprintk.o)
 .group         0x00000000        0x8 /root/devel/optee/optee_os/out/arm/export-ta_arm32/lib/libutils.a(snprintk.o)
 .debug_macro   0x00000000      0x8bc /root/devel/optee/optee_os/out/arm/export-ta_arm32/lib/libutils.a(snprintk.o)
 .debug_macro   0x00000000      0x1ea /root/devel/optee/optee_os/out/arm/export-ta_arm32/lib/libutils.a(snprintk.o)
 .debug_macro   0x00000000      0x188 /root/devel/optee/optee_os/out/arm/export-ta_arm32/lib/libutils.a(snprintk.o)
 .debug_macro   0x00000000      0x166 /root/devel/optee/optee_os/out/arm/export-ta_arm32/lib/libutils.a(snprintk.o)
 .debug_macro   0x00000000       0x10 /root/devel/optee/optee_os/out/arm/export-ta_arm32/lib/libutils.a(snprintk.o)
 .debug_macro   0x00000000       0x58 /root/devel/optee/optee_os/out/arm/export-ta_arm32/lib/libutils.a(snprintk.o)
 .debug_macro   0x00000000       0x22 /root/devel/optee/optee_os/out/arm/export-ta_arm32/lib/libutils.a(snprintk.o)
 .group         0x00000000        0x8 /root/devel/optee/optee_os/out/arm/export-ta_arm32/lib/libutils.a(strlcpy.o)
 .group         0x00000000        0x8 /root/devel/optee/optee_os/out/arm/export-ta_arm32/lib/libutils.a(strlcpy.o)
 .group         0x00000000        0x8 /root/devel/optee/optee_os/out/arm/export-ta_arm32/lib/libutils.a(strlcpy.o)
 .group         0x00000000        0x8 /root/devel/optee/optee_os/out/arm/export-ta_arm32/lib/libutils.a(strlcpy.o)
 .group         0x00000000        0x8 /root/devel/optee/optee_os/out/arm/export-ta_arm32/lib/libutils.a(strlcpy.o)
 .group         0x00000000        0x8 /root/devel/optee/optee_os/out/arm/export-ta_arm32/lib/libutils.a(strlcpy.o)
 .group         0x00000000        0x8 /root/devel/optee/optee_os/out/arm/export-ta_arm32/lib/libutils.a(strlcpy.o)
 .group         0x00000000        0x8 /root/devel/optee/optee_os/out/arm/export-ta_arm32/lib/libutils.a(strlcpy.o)
 .group         0x00000000        0x8 /root/devel/optee/optee_os/out/arm/export-ta_arm32/lib/libutils.a(strlcpy.o)
 .debug_macro   0x00000000      0x8bc /root/devel/optee/optee_os/out/arm/export-ta_arm32/lib/libutils.a(strlcpy.o)
 .debug_macro   0x00000000      0x1ea /root/devel/optee/optee_os/out/arm/export-ta_arm32/lib/libutils.a(strlcpy.o)
 .debug_macro   0x00000000       0x7c /root/devel/optee/optee_os/out/arm/export-ta_arm32/lib/libutils.a(strlcpy.o)
 .debug_macro   0x00000000      0x166 /root/devel/optee/optee_os/out/arm/export-ta_arm32/lib/libutils.a(strlcpy.o)
 .debug_macro   0x00000000      0x188 /root/devel/optee/optee_os/out/arm/export-ta_arm32/lib/libutils.a(strlcpy.o)
 .debug_macro   0x00000000       0xc4 /root/devel/optee/optee_os/out/arm/export-ta_arm32/lib/libutils.a(strlcpy.o)
 .debug_macro   0x00000000       0x22 /root/devel/optee/optee_os/out/arm/export-ta_arm32/lib/libutils.a(strlcpy.o)
 .debug_macro   0x00000000       0x10 /root/devel/optee/optee_os/out/arm/export-ta_arm32/lib/libutils.a(strlcpy.o)
 .debug_macro   0x00000000       0x10 /root/devel/optee/optee_os/out/arm/export-ta_arm32/lib/libutils.a(strlcpy.o)
 .group         0x00000000        0x8 /root/devel/optee/optee_os/out/arm/export-ta_arm32/lib/libutils.a(trace.o)
 .group         0x00000000        0x8 /root/devel/optee/optee_os/out/arm/export-ta_arm32/lib/libutils.a(trace.o)
 .group         0x00000000        0x8 /root/devel/optee/optee_os/out/arm/export-ta_arm32/lib/libutils.a(trace.o)
 .group         0x00000000        0x8 /root/devel/optee/optee_os/out/arm/export-ta_arm32/lib/libutils.a(trace.o)
 .group         0x00000000        0x8 /root/devel/optee/optee_os/out/arm/export-ta_arm32/lib/libutils.a(trace.o)
 .group         0x00000000        0x8 /root/devel/optee/optee_os/out/arm/export-ta_arm32/lib/libutils.a(trace.o)
 .group         0x00000000        0x8 /root/devel/optee/optee_os/out/arm/export-ta_arm32/lib/libutils.a(trace.o)
 .group         0x00000000        0x8 /root/devel/optee/optee_os/out/arm/export-ta_arm32/lib/libutils.a(trace.o)
 .group         0x00000000        0x8 /root/devel/optee/optee_os/out/arm/export-ta_arm32/lib/libutils.a(trace.o)
 .group         0x00000000        0x8 /root/devel/optee/optee_os/out/arm/export-ta_arm32/lib/libutils.a(trace.o)
 .group         0x00000000        0x8 /root/devel/optee/optee_os/out/arm/export-ta_arm32/lib/libutils.a(trace.o)
 .group         0x00000000        0x8 /root/devel/optee/optee_os/out/arm/export-ta_arm32/lib/libutils.a(trace.o)
 .group         0x00000000        0x8 /root/devel/optee/optee_os/out/arm/export-ta_arm32/lib/libutils.a(trace.o)
 .group         0x00000000        0x8 /root/devel/optee/optee_os/out/arm/export-ta_arm32/lib/libutils.a(trace.o)
 .debug_macro   0x00000000      0x8bc /root/devel/optee/optee_os/out/arm/export-ta_arm32/lib/libutils.a(trace.o)
 .debug_macro   0x00000000      0x1ea /root/devel/optee/optee_os/out/arm/export-ta_arm32/lib/libutils.a(trace.o)
 .debug_macro   0x00000000      0x166 /root/devel/optee/optee_os/out/arm/export-ta_arm32/lib/libutils.a(trace.o)
 .debug_macro   0x00000000       0x58 /root/devel/optee/optee_os/out/arm/export-ta_arm32/lib/libutils.a(trace.o)
 .debug_macro   0x00000000       0x22 /root/devel/optee/optee_os/out/arm/export-ta_arm32/lib/libutils.a(trace.o)
 .debug_macro   0x00000000       0x10 /root/devel/optee/optee_os/out/arm/export-ta_arm32/lib/libutils.a(trace.o)
 .debug_macro   0x00000000       0x8e /root/devel/optee/optee_os/out/arm/export-ta_arm32/lib/libutils.a(trace.o)
 .debug_macro   0x00000000       0x34 /root/devel/optee/optee_os/out/arm/export-ta_arm32/lib/libutils.a(trace.o)
 .debug_macro   0x00000000       0x7b /root/devel/optee/optee_os/out/arm/export-ta_arm32/lib/libutils.a(trace.o)
 .debug_macro   0x00000000       0x46 /root/devel/optee/optee_os/out/arm/export-ta_arm32/lib/libutils.a(trace.o)
 .debug_macro   0x00000000       0x7c /root/devel/optee/optee_os/out/arm/export-ta_arm32/lib/libutils.a(trace.o)
 .debug_macro   0x00000000      0x188 /root/devel/optee/optee_os/out/arm/export-ta_arm32/lib/libutils.a(trace.o)
 .debug_macro   0x00000000       0xc4 /root/devel/optee/optee_os/out/arm/export-ta_arm32/lib/libutils.a(trace.o)
 .debug_macro   0x00000000       0x10 /root/devel/optee/optee_os/out/arm/export-ta_arm32/lib/libutils.a(trace.o)
 .group         0x00000000        0x8 /root/devel/optee/optee_os/out/arm/export-ta_arm32/lib/libutils.a(memchr.o)
 .group         0x00000000        0x8 /root/devel/optee/optee_os/out/arm/export-ta_arm32/lib/libutils.a(memchr.o)
 .group         0x00000000        0x8 /root/devel/optee/optee_os/out/arm/export-ta_arm32/lib/libutils.a(memchr.o)
 .group         0x00000000        0x8 /root/devel/optee/optee_os/out/arm/export-ta_arm32/lib/libutils.a(memchr.o)
 .group         0x00000000        0x8 /root/devel/optee/optee_os/out/arm/export-ta_arm32/lib/libutils.a(memchr.o)
 .group         0x00000000        0x8 /root/devel/optee/optee_os/out/arm/export-ta_arm32/lib/libutils.a(memchr.o)
 .debug_macro   0x00000000      0x8bc /root/devel/optee/optee_os/out/arm/export-ta_arm32/lib/libutils.a(memchr.o)
 .debug_macro   0x00000000      0x1ea /root/devel/optee/optee_os/out/arm/export-ta_arm32/lib/libutils.a(memchr.o)
 .debug_macro   0x00000000       0x7c /root/devel/optee/optee_os/out/arm/export-ta_arm32/lib/libutils.a(memchr.o)
 .debug_macro   0x00000000      0x166 /root/devel/optee/optee_os/out/arm/export-ta_arm32/lib/libutils.a(memchr.o)
 .debug_macro   0x00000000       0x10 /root/devel/optee/optee_os/out/arm/export-ta_arm32/lib/libutils.a(memchr.o)
 .debug_macro   0x00000000       0x7c /root/devel/optee/optee_os/out/arm/export-ta_arm32/lib/libutils.a(memchr.o)
 .group         0x00000000        0x8 /root/devel/optee/optee_os/out/arm/export-ta_arm32/lib/libutils.a(arm32_aeabi_ldivmod.o)
 .group         0x00000000        0x8 /root/devel/optee/optee_os/out/arm/export-ta_arm32/lib/libutils.a(arm32_aeabi_ldivmod.o)
 .debug_macro   0x00000000      0x8bc /root/devel/optee/optee_os/out/arm/export-ta_arm32/lib/libutils.a(arm32_aeabi_ldivmod.o)
 .debug_macro   0x00000000      0x1ea /root/devel/optee/optee_os/out/arm/export-ta_arm32/lib/libutils.a(arm32_aeabi_ldivmod.o)
 .group         0x00000000        0x8 /root/devel/optee/optee_os/out/arm/export-ta_arm32/lib/libmpa.a(mpa_misc.o)
 .group         0x00000000        0x8 /root/devel/optee/optee_os/out/arm/export-ta_arm32/lib/libmpa.a(mpa_misc.o)
 .group         0x00000000        0x8 /root/devel/optee/optee_os/out/arm/export-ta_arm32/lib/libmpa.a(mpa_misc.o)
 .group         0x00000000        0x8 /root/devel/optee/optee_os/out/arm/export-ta_arm32/lib/libmpa.a(mpa_misc.o)
 .group         0x00000000        0x8 /root/devel/optee/optee_os/out/arm/export-ta_arm32/lib/libmpa.a(mpa_misc.o)
 .group         0x00000000        0x8 /root/devel/optee/optee_os/out/arm/export-ta_arm32/lib/libmpa.a(mpa_misc.o)
 .group         0x00000000        0x8 /root/devel/optee/optee_os/out/arm/export-ta_arm32/lib/libmpa.a(mpa_misc.o)
 .group         0x00000000        0x8 /root/devel/optee/optee_os/out/arm/export-ta_arm32/lib/libmpa.a(mpa_misc.o)
 .group         0x00000000        0x8 /root/devel/optee/optee_os/out/arm/export-ta_arm32/lib/libmpa.a(mpa_misc.o)
 .group         0x00000000        0x8 /root/devel/optee/optee_os/out/arm/export-ta_arm32/lib/libmpa.a(mpa_misc.o)
 .group         0x00000000        0x8 /root/devel/optee/optee_os/out/arm/export-ta_arm32/lib/libmpa.a(mpa_misc.o)
 .group         0x00000000        0x8 /root/devel/optee/optee_os/out/arm/export-ta_arm32/lib/libmpa.a(mpa_misc.o)
 .group         0x00000000        0x8 /root/devel/optee/optee_os/out/arm/export-ta_arm32/lib/libmpa.a(mpa_misc.o)
 .group         0x00000000        0x8 /root/devel/optee/optee_os/out/arm/export-ta_arm32/lib/libmpa.a(mpa_misc.o)
 .group         0x00000000        0x8 /root/devel/optee/optee_os/out/arm/export-ta_arm32/lib/libmpa.a(mpa_misc.o)
 .debug_macro   0x00000000      0x8bc /root/devel/optee/optee_os/out/arm/export-ta_arm32/lib/libmpa.a(mpa_misc.o)
 .debug_macro   0x00000000      0x1ea /root/devel/optee/optee_os/out/arm/export-ta_arm32/lib/libmpa.a(mpa_misc.o)
 .debug_macro   0x00000000       0x10 /root/devel/optee/optee_os/out/arm/export-ta_arm32/lib/libmpa.a(mpa_misc.o)
 .debug_macro   0x00000000       0x7c /root/devel/optee/optee_os/out/arm/export-ta_arm32/lib/libmpa.a(mpa_misc.o)
 .debug_macro   0x00000000      0x188 /root/devel/optee/optee_os/out/arm/export-ta_arm32/lib/libmpa.a(mpa_misc.o)
 .debug_macro   0x00000000       0x22 /root/devel/optee/optee_os/out/arm/export-ta_arm32/lib/libmpa.a(mpa_misc.o)
 .debug_macro   0x00000000       0x4c /root/devel/optee/optee_os/out/arm/export-ta_arm32/lib/libmpa.a(mpa_misc.o)
 .debug_macro   0x00000000       0x8e /root/devel/optee/optee_os/out/arm/export-ta_arm32/lib/libmpa.a(mpa_misc.o)
 .debug_macro   0x00000000      0x166 /root/devel/optee/optee_os/out/arm/export-ta_arm32/lib/libmpa.a(mpa_misc.o)
 .debug_macro   0x00000000       0xca /root/devel/optee/optee_os/out/arm/export-ta_arm32/lib/libmpa.a(mpa_misc.o)
 .debug_macro   0x00000000       0x10 /root/devel/optee/optee_os/out/arm/export-ta_arm32/lib/libmpa.a(mpa_misc.o)
 .debug_macro   0x00000000       0x10 /root/devel/optee/optee_os/out/arm/export-ta_arm32/lib/libmpa.a(mpa_misc.o)
 .debug_macro   0x00000000       0x16 /root/devel/optee/optee_os/out/arm/export-ta_arm32/lib/libmpa.a(mpa_misc.o)
 .debug_macro   0x00000000       0x74 /root/devel/optee/optee_os/out/arm/export-ta_arm32/lib/libmpa.a(mpa_misc.o)
 .group         0x00000000        0x8 /root/devel/optee/optee_os/out/arm/export-ta_arm32/lib/libmpa.a(mpa_montgomery.o)
 .group         0x00000000        0x8 /root/devel/optee/optee_os/out/arm/export-ta_arm32/lib/libmpa.a(mpa_montgomery.o)
 .group         0x00000000        0x8 /root/devel/optee/optee_os/out/arm/export-ta_arm32/lib/libmpa.a(mpa_montgomery.o)
 .group         0x00000000        0x8 /root/devel/optee/optee_os/out/arm/export-ta_arm32/lib/libmpa.a(mpa_montgomery.o)
 .group         0x00000000        0x8 /root/devel/optee/optee_os/out/arm/export-ta_arm32/lib/libmpa.a(mpa_montgomery.o)
 .group         0x00000000        0x8 /root/devel/optee/optee_os/out/arm/export-ta_arm32/lib/libmpa.a(mpa_montgomery.o)
 .group         0x00000000        0x8 /root/devel/optee/optee_os/out/arm/export-ta_arm32/lib/libmpa.a(mpa_montgomery.o)
 .group         0x00000000        0x8 /root/devel/optee/optee_os/out/arm/export-ta_arm32/lib/libmpa.a(mpa_montgomery.o)
 .group         0x00000000        0x8 /root/devel/optee/optee_os/out/arm/export-ta_arm32/lib/libmpa.a(mpa_montgomery.o)
 .group         0x00000000        0x8 /root/devel/optee/optee_os/out/arm/export-ta_arm32/lib/libmpa.a(mpa_montgomery.o)
 .group         0x00000000        0x8 /root/devel/optee/optee_os/out/arm/export-ta_arm32/lib/libmpa.a(mpa_montgomery.o)
 .group         0x00000000        0x8 /root/devel/optee/optee_os/out/arm/export-ta_arm32/lib/libmpa.a(mpa_montgomery.o)
 .group         0x00000000        0x8 /root/devel/optee/optee_os/out/arm/export-ta_arm32/lib/libmpa.a(mpa_montgomery.o)
 .group         0x00000000        0x8 /root/devel/optee/optee_os/out/arm/export-ta_arm32/lib/libmpa.a(mpa_montgomery.o)
 .group         0x00000000        0x8 /root/devel/optee/optee_os/out/arm/export-ta_arm32/lib/libmpa.a(mpa_montgomery.o)
 .debug_macro   0x00000000      0x8bc /root/devel/optee/optee_os/out/arm/export-ta_arm32/lib/libmpa.a(mpa_montgomery.o)
 .debug_macro   0x00000000      0x1ea /root/devel/optee/optee_os/out/arm/export-ta_arm32/lib/libmpa.a(mpa_montgomery.o)
 .debug_macro   0x00000000       0x10 /root/devel/optee/optee_os/out/arm/export-ta_arm32/lib/libmpa.a(mpa_montgomery.o)
 .debug_macro   0x00000000       0x7c /root/devel/optee/optee_os/out/arm/export-ta_arm32/lib/libmpa.a(mpa_montgomery.o)
 .debug_macro   0x00000000      0x188 /root/devel/optee/optee_os/out/arm/export-ta_arm32/lib/libmpa.a(mpa_montgomery.o)
 .debug_macro   0x00000000       0x22 /root/devel/optee/optee_os/out/arm/export-ta_arm32/lib/libmpa.a(mpa_montgomery.o)
 .debug_macro   0x00000000       0x4c /root/devel/optee/optee_os/out/arm/export-ta_arm32/lib/libmpa.a(mpa_montgomery.o)
 .debug_macro   0x00000000       0x8e /root/devel/optee/optee_os/out/arm/export-ta_arm32/lib/libmpa.a(mpa_montgomery.o)
 .debug_macro   0x00000000      0x166 /root/devel/optee/optee_os/out/arm/export-ta_arm32/lib/libmpa.a(mpa_montgomery.o)
 .debug_macro   0x00000000       0xca /root/devel/optee/optee_os/out/arm/export-ta_arm32/lib/libmpa.a(mpa_montgomery.o)
 .debug_macro   0x00000000       0x10 /root/devel/optee/optee_os/out/arm/export-ta_arm32/lib/libmpa.a(mpa_montgomery.o)
 .debug_macro   0x00000000       0x10 /root/devel/optee/optee_os/out/arm/export-ta_arm32/lib/libmpa.a(mpa_montgomery.o)
 .debug_macro   0x00000000       0x16 /root/devel/optee/optee_os/out/arm/export-ta_arm32/lib/libmpa.a(mpa_montgomery.o)
 .debug_macro   0x00000000       0x74 /root/devel/optee/optee_os/out/arm/export-ta_arm32/lib/libmpa.a(mpa_montgomery.o)
 .debug_macro   0x00000000       0xa6 /root/devel/optee/optee_os/out/arm/export-ta_arm32/lib/libmpa.a(mpa_montgomery.o)
 .group         0x00000000        0x8 /root/devel/optee/optee_os/out/arm/export-ta_arm32/lib/libmpa.a(mpa_primetest.o)
 .group         0x00000000        0x8 /root/devel/optee/optee_os/out/arm/export-ta_arm32/lib/libmpa.a(mpa_primetest.o)
 .group         0x00000000        0x8 /root/devel/optee/optee_os/out/arm/export-ta_arm32/lib/libmpa.a(mpa_primetest.o)
 .group         0x00000000        0x8 /root/devel/optee/optee_os/out/arm/export-ta_arm32/lib/libmpa.a(mpa_primetest.o)
 .group         0x00000000        0x8 /root/devel/optee/optee_os/out/arm/export-ta_arm32/lib/libmpa.a(mpa_primetest.o)
 .group         0x00000000        0x8 /root/devel/optee/optee_os/out/arm/export-ta_arm32/lib/libmpa.a(mpa_primetest.o)
 .group         0x00000000        0x8 /root/devel/optee/optee_os/out/arm/export-ta_arm32/lib/libmpa.a(mpa_primetest.o)
 .group         0x00000000        0x8 /root/devel/optee/optee_os/out/arm/export-ta_arm32/lib/libmpa.a(mpa_primetest.o)
 .group         0x00000000        0x8 /root/devel/optee/optee_os/out/arm/export-ta_arm32/lib/libmpa.a(mpa_primetest.o)
 .group         0x00000000        0x8 /root/devel/optee/optee_os/out/arm/export-ta_arm32/lib/libmpa.a(mpa_primetest.o)
 .group         0x00000000        0x8 /root/devel/optee/optee_os/out/arm/export-ta_arm32/lib/libmpa.a(mpa_primetest.o)
 .group         0x00000000        0x8 /root/devel/optee/optee_os/out/arm/export-ta_arm32/lib/libmpa.a(mpa_primetest.o)
 .group         0x00000000        0x8 /root/devel/optee/optee_os/out/arm/export-ta_arm32/lib/libmpa.a(mpa_primetest.o)
 .group         0x00000000        0x8 /root/devel/optee/optee_os/out/arm/export-ta_arm32/lib/libmpa.a(mpa_primetest.o)
 .group         0x00000000        0x8 /root/devel/optee/optee_os/out/arm/export-ta_arm32/lib/libmpa.a(mpa_primetest.o)
 .debug_macro   0x00000000      0x8bc /root/devel/optee/optee_os/out/arm/export-ta_arm32/lib/libmpa.a(mpa_primetest.o)
 .debug_macro   0x00000000      0x1ea /root/devel/optee/optee_os/out/arm/export-ta_arm32/lib/libmpa.a(mpa_primetest.o)
 .debug_macro   0x00000000       0x10 /root/devel/optee/optee_os/out/arm/export-ta_arm32/lib/libmpa.a(mpa_primetest.o)
 .debug_macro   0x00000000       0x7c /root/devel/optee/optee_os/out/arm/export-ta_arm32/lib/libmpa.a(mpa_primetest.o)
 .debug_macro   0x00000000      0x188 /root/devel/optee/optee_os/out/arm/export-ta_arm32/lib/libmpa.a(mpa_primetest.o)
 .debug_macro   0x00000000       0x22 /root/devel/optee/optee_os/out/arm/export-ta_arm32/lib/libmpa.a(mpa_primetest.o)
 .debug_macro   0x00000000       0x4c /root/devel/optee/optee_os/out/arm/export-ta_arm32/lib/libmpa.a(mpa_primetest.o)
 .debug_macro   0x00000000       0x8e /root/devel/optee/optee_os/out/arm/export-ta_arm32/lib/libmpa.a(mpa_primetest.o)
 .debug_macro   0x00000000      0x166 /root/devel/optee/optee_os/out/arm/export-ta_arm32/lib/libmpa.a(mpa_primetest.o)
 .debug_macro   0x00000000       0xca /root/devel/optee/optee_os/out/arm/export-ta_arm32/lib/libmpa.a(mpa_primetest.o)
 .debug_macro   0x00000000       0x10 /root/devel/optee/optee_os/out/arm/export-ta_arm32/lib/libmpa.a(mpa_primetest.o)
 .debug_macro   0x00000000       0x10 /root/devel/optee/optee_os/out/arm/export-ta_arm32/lib/libmpa.a(mpa_primetest.o)
 .debug_macro   0x00000000       0x16 /root/devel/optee/optee_os/out/arm/export-ta_arm32/lib/libmpa.a(mpa_primetest.o)
 .debug_macro   0x00000000       0x74 /root/devel/optee/optee_os/out/arm/export-ta_arm32/lib/libmpa.a(mpa_primetest.o)
 .debug_macro   0x00000000       0xa6 /root/devel/optee/optee_os/out/arm/export-ta_arm32/lib/libmpa.a(mpa_primetest.o)
 .group         0x00000000        0x8 /root/devel/optee/optee_os/out/arm/export-ta_arm32/lib/libmpa.a(mpa_conv.o)
 .group         0x00000000        0x8 /root/devel/optee/optee_os/out/arm/export-ta_arm32/lib/libmpa.a(mpa_conv.o)
 .group         0x00000000        0x8 /root/devel/optee/optee_os/out/arm/export-ta_arm32/lib/libmpa.a(mpa_conv.o)
 .group         0x00000000        0x8 /root/devel/optee/optee_os/out/arm/export-ta_arm32/lib/libmpa.a(mpa_conv.o)
 .group         0x00000000        0x8 /root/devel/optee/optee_os/out/arm/export-ta_arm32/lib/libmpa.a(mpa_conv.o)
 .group         0x00000000        0x8 /root/devel/optee/optee_os/out/arm/export-ta_arm32/lib/libmpa.a(mpa_conv.o)
 .group         0x00000000        0x8 /root/devel/optee/optee_os/out/arm/export-ta_arm32/lib/libmpa.a(mpa_conv.o)
 .group         0x00000000        0x8 /root/devel/optee/optee_os/out/arm/export-ta_arm32/lib/libmpa.a(mpa_conv.o)
 .group         0x00000000        0x8 /root/devel/optee/optee_os/out/arm/export-ta_arm32/lib/libmpa.a(mpa_conv.o)
 .group         0x00000000        0x8 /root/devel/optee/optee_os/out/arm/export-ta_arm32/lib/libmpa.a(mpa_conv.o)
 .group         0x00000000        0x8 /root/devel/optee/optee_os/out/arm/export-ta_arm32/lib/libmpa.a(mpa_conv.o)
 .group         0x00000000        0x8 /root/devel/optee/optee_os/out/arm/export-ta_arm32/lib/libmpa.a(mpa_conv.o)
 .group         0x00000000        0x8 /root/devel/optee/optee_os/out/arm/export-ta_arm32/lib/libmpa.a(mpa_conv.o)
 .group         0x00000000        0x8 /root/devel/optee/optee_os/out/arm/export-ta_arm32/lib/libmpa.a(mpa_conv.o)
 .group         0x00000000        0x8 /root/devel/optee/optee_os/out/arm/export-ta_arm32/lib/libmpa.a(mpa_conv.o)
 .debug_macro   0x00000000      0x8bc /root/devel/optee/optee_os/out/arm/export-ta_arm32/lib/libmpa.a(mpa_conv.o)
 .debug_macro   0x00000000      0x1ea /root/devel/optee/optee_os/out/arm/export-ta_arm32/lib/libmpa.a(mpa_conv.o)
 .debug_macro   0x00000000       0x10 /root/devel/optee/optee_os/out/arm/export-ta_arm32/lib/libmpa.a(mpa_conv.o)
 .debug_macro   0x00000000       0x7c /root/devel/optee/optee_os/out/arm/export-ta_arm32/lib/libmpa.a(mpa_conv.o)
 .debug_macro   0x00000000      0x188 /root/devel/optee/optee_os/out/arm/export-ta_arm32/lib/libmpa.a(mpa_conv.o)
 .debug_macro   0x00000000       0x22 /root/devel/optee/optee_os/out/arm/export-ta_arm32/lib/libmpa.a(mpa_conv.o)
 .debug_macro   0x00000000       0x4c /root/devel/optee/optee_os/out/arm/export-ta_arm32/lib/libmpa.a(mpa_conv.o)
 .debug_macro   0x00000000       0x8e /root/devel/optee/optee_os/out/arm/export-ta_arm32/lib/libmpa.a(mpa_conv.o)
 .debug_macro   0x00000000      0x166 /root/devel/optee/optee_os/out/arm/export-ta_arm32/lib/libmpa.a(mpa_conv.o)
 .debug_macro   0x00000000       0xca /root/devel/optee/optee_os/out/arm/export-ta_arm32/lib/libmpa.a(mpa_conv.o)
 .debug_macro   0x00000000       0x10 /root/devel/optee/optee_os/out/arm/export-ta_arm32/lib/libmpa.a(mpa_conv.o)
 .debug_macro   0x00000000       0x10 /root/devel/optee/optee_os/out/arm/export-ta_arm32/lib/libmpa.a(mpa_conv.o)
 .debug_macro   0x00000000       0x16 /root/devel/optee/optee_os/out/arm/export-ta_arm32/lib/libmpa.a(mpa_conv.o)
 .debug_macro   0x00000000       0x74 /root/devel/optee/optee_os/out/arm/export-ta_arm32/lib/libmpa.a(mpa_conv.o)
 .debug_macro   0x00000000       0xa6 /root/devel/optee/optee_os/out/arm/export-ta_arm32/lib/libmpa.a(mpa_conv.o)
 .group         0x00000000        0x8 /root/devel/optee/optee_os/out/arm/export-ta_arm32/lib/libmpa.a(mpa_div.o)
 .group         0x00000000        0x8 /root/devel/optee/optee_os/out/arm/export-ta_arm32/lib/libmpa.a(mpa_div.o)
 .group         0x00000000        0x8 /root/devel/optee/optee_os/out/arm/export-ta_arm32/lib/libmpa.a(mpa_div.o)
 .group         0x00000000        0x8 /root/devel/optee/optee_os/out/arm/export-ta_arm32/lib/libmpa.a(mpa_div.o)
 .group         0x00000000        0x8 /root/devel/optee/optee_os/out/arm/export-ta_arm32/lib/libmpa.a(mpa_div.o)
 .group         0x00000000        0x8 /root/devel/optee/optee_os/out/arm/export-ta_arm32/lib/libmpa.a(mpa_div.o)
 .group         0x00000000        0x8 /root/devel/optee/optee_os/out/arm/export-ta_arm32/lib/libmpa.a(mpa_div.o)
 .group         0x00000000        0x8 /root/devel/optee/optee_os/out/arm/export-ta_arm32/lib/libmpa.a(mpa_div.o)
 .group         0x00000000        0x8 /root/devel/optee/optee_os/out/arm/export-ta_arm32/lib/libmpa.a(mpa_div.o)
 .group         0x00000000        0x8 /root/devel/optee/optee_os/out/arm/export-ta_arm32/lib/libmpa.a(mpa_div.o)
 .group         0x00000000        0x8 /root/devel/optee/optee_os/out/arm/export-ta_arm32/lib/libmpa.a(mpa_div.o)
 .group         0x00000000        0x8 /root/devel/optee/optee_os/out/arm/export-ta_arm32/lib/libmpa.a(mpa_div.o)
 .group         0x00000000        0x8 /root/devel/optee/optee_os/out/arm/export-ta_arm32/lib/libmpa.a(mpa_div.o)
 .group         0x00000000        0x8 /root/devel/optee/optee_os/out/arm/export-ta_arm32/lib/libmpa.a(mpa_div.o)
 .group         0x00000000        0x8 /root/devel/optee/optee_os/out/arm/export-ta_arm32/lib/libmpa.a(mpa_div.o)
 .debug_macro   0x00000000      0x8bc /root/devel/optee/optee_os/out/arm/export-ta_arm32/lib/libmpa.a(mpa_div.o)
 .debug_macro   0x00000000      0x1ea /root/devel/optee/optee_os/out/arm/export-ta_arm32/lib/libmpa.a(mpa_div.o)
 .debug_macro   0x00000000       0x10 /root/devel/optee/optee_os/out/arm/export-ta_arm32/lib/libmpa.a(mpa_div.o)
 .debug_macro   0x00000000       0x7c /root/devel/optee/optee_os/out/arm/export-ta_arm32/lib/libmpa.a(mpa_div.o)
 .debug_macro   0x00000000      0x188 /root/devel/optee/optee_os/out/arm/export-ta_arm32/lib/libmpa.a(mpa_div.o)
 .debug_macro   0x00000000       0x22 /root/devel/optee/optee_os/out/arm/export-ta_arm32/lib/libmpa.a(mpa_div.o)
 .debug_macro   0x00000000       0x4c /root/devel/optee/optee_os/out/arm/export-ta_arm32/lib/libmpa.a(mpa_div.o)
 .debug_macro   0x00000000       0x8e /root/devel/optee/optee_os/out/arm/export-ta_arm32/lib/libmpa.a(mpa_div.o)
 .debug_macro   0x00000000      0x166 /root/devel/optee/optee_os/out/arm/export-ta_arm32/lib/libmpa.a(mpa_div.o)
 .debug_macro   0x00000000       0xca /root/devel/optee/optee_os/out/arm/export-ta_arm32/lib/libmpa.a(mpa_div.o)
 .debug_macro   0x00000000       0x10 /root/devel/optee/optee_os/out/arm/export-ta_arm32/lib/libmpa.a(mpa_div.o)
 .debug_macro   0x00000000       0x10 /root/devel/optee/optee_os/out/arm/export-ta_arm32/lib/libmpa.a(mpa_div.o)
 .debug_macro   0x00000000       0x16 /root/devel/optee/optee_os/out/arm/export-ta_arm32/lib/libmpa.a(mpa_div.o)
 .debug_macro   0x00000000       0x74 /root/devel/optee/optee_os/out/arm/export-ta_arm32/lib/libmpa.a(mpa_div.o)
 .debug_macro   0x00000000       0xa6 /root/devel/optee/optee_os/out/arm/export-ta_arm32/lib/libmpa.a(mpa_div.o)
 .group         0x00000000        0x8 /root/devel/optee/optee_os/out/arm/export-ta_arm32/lib/libmpa.a(mpa_gcd.o)
 .group         0x00000000        0x8 /root/devel/optee/optee_os/out/arm/export-ta_arm32/lib/libmpa.a(mpa_gcd.o)
 .group         0x00000000        0x8 /root/devel/optee/optee_os/out/arm/export-ta_arm32/lib/libmpa.a(mpa_gcd.o)
 .group         0x00000000        0x8 /root/devel/optee/optee_os/out/arm/export-ta_arm32/lib/libmpa.a(mpa_gcd.o)
 .group         0x00000000        0x8 /root/devel/optee/optee_os/out/arm/export-ta_arm32/lib/libmpa.a(mpa_gcd.o)
 .group         0x00000000        0x8 /root/devel/optee/optee_os/out/arm/export-ta_arm32/lib/libmpa.a(mpa_gcd.o)
 .group         0x00000000        0x8 /root/devel/optee/optee_os/out/arm/export-ta_arm32/lib/libmpa.a(mpa_gcd.o)
 .group         0x00000000        0x8 /root/devel/optee/optee_os/out/arm/export-ta_arm32/lib/libmpa.a(mpa_gcd.o)
 .group         0x00000000        0x8 /root/devel/optee/optee_os/out/arm/export-ta_arm32/lib/libmpa.a(mpa_gcd.o)
 .group         0x00000000        0x8 /root/devel/optee/optee_os/out/arm/export-ta_arm32/lib/libmpa.a(mpa_gcd.o)
 .group         0x00000000        0x8 /root/devel/optee/optee_os/out/arm/export-ta_arm32/lib/libmpa.a(mpa_gcd.o)
 .group         0x00000000        0x8 /root/devel/optee/optee_os/out/arm/export-ta_arm32/lib/libmpa.a(mpa_gcd.o)
 .group         0x00000000        0x8 /root/devel/optee/optee_os/out/arm/export-ta_arm32/lib/libmpa.a(mpa_gcd.o)
 .group         0x00000000        0x8 /root/devel/optee/optee_os/out/arm/export-ta_arm32/lib/libmpa.a(mpa_gcd.o)
 .group         0x00000000        0x8 /root/devel/optee/optee_os/out/arm/export-ta_arm32/lib/libmpa.a(mpa_gcd.o)
 .debug_macro   0x00000000      0x8bc /root/devel/optee/optee_os/out/arm/export-ta_arm32/lib/libmpa.a(mpa_gcd.o)
 .debug_macro   0x00000000      0x1ea /root/devel/optee/optee_os/out/arm/export-ta_arm32/lib/libmpa.a(mpa_gcd.o)
 .debug_macro   0x00000000       0x10 /root/devel/optee/optee_os/out/arm/export-ta_arm32/lib/libmpa.a(mpa_gcd.o)
 .debug_macro   0x00000000       0x7c /root/devel/optee/optee_os/out/arm/export-ta_arm32/lib/libmpa.a(mpa_gcd.o)
 .debug_macro   0x00000000      0x188 /root/devel/optee/optee_os/out/arm/export-ta_arm32/lib/libmpa.a(mpa_gcd.o)
 .debug_macro   0x00000000       0x22 /root/devel/optee/optee_os/out/arm/export-ta_arm32/lib/libmpa.a(mpa_gcd.o)
 .debug_macro   0x00000000       0x4c /root/devel/optee/optee_os/out/arm/export-ta_arm32/lib/libmpa.a(mpa_gcd.o)
 .debug_macro   0x00000000       0x8e /root/devel/optee/optee_os/out/arm/export-ta_arm32/lib/libmpa.a(mpa_gcd.o)
 .debug_macro   0x00000000      0x166 /root/devel/optee/optee_os/out/arm/export-ta_arm32/lib/libmpa.a(mpa_gcd.o)
 .debug_macro   0x00000000       0xca /root/devel/optee/optee_os/out/arm/export-ta_arm32/lib/libmpa.a(mpa_gcd.o)
 .debug_macro   0x00000000       0x10 /root/devel/optee/optee_os/out/arm/export-ta_arm32/lib/libmpa.a(mpa_gcd.o)
 .debug_macro   0x00000000       0x10 /root/devel/optee/optee_os/out/arm/export-ta_arm32/lib/libmpa.a(mpa_gcd.o)
 .debug_macro   0x00000000       0x16 /root/devel/optee/optee_os/out/arm/export-ta_arm32/lib/libmpa.a(mpa_gcd.o)
 .debug_macro   0x00000000       0x74 /root/devel/optee/optee_os/out/arm/export-ta_arm32/lib/libmpa.a(mpa_gcd.o)
 .debug_macro   0x00000000       0xa6 /root/devel/optee/optee_os/out/arm/export-ta_arm32/lib/libmpa.a(mpa_gcd.o)
 .group         0x00000000        0x8 /root/devel/optee/optee_os/out/arm/export-ta_arm32/lib/libmpa.a(mpa_mem_static.o)
 .group         0x00000000        0x8 /root/devel/optee/optee_os/out/arm/export-ta_arm32/lib/libmpa.a(mpa_mem_static.o)
 .group         0x00000000        0x8 /root/devel/optee/optee_os/out/arm/export-ta_arm32/lib/libmpa.a(mpa_mem_static.o)
 .group         0x00000000        0x8 /root/devel/optee/optee_os/out/arm/export-ta_arm32/lib/libmpa.a(mpa_mem_static.o)
 .group         0x00000000        0x8 /root/devel/optee/optee_os/out/arm/export-ta_arm32/lib/libmpa.a(mpa_mem_static.o)
 .group         0x00000000        0x8 /root/devel/optee/optee_os/out/arm/export-ta_arm32/lib/libmpa.a(mpa_mem_static.o)
 .group         0x00000000        0x8 /root/devel/optee/optee_os/out/arm/export-ta_arm32/lib/libmpa.a(mpa_mem_static.o)
 .group         0x00000000        0x8 /root/devel/optee/optee_os/out/arm/export-ta_arm32/lib/libmpa.a(mpa_mem_static.o)
 .group         0x00000000        0x8 /root/devel/optee/optee_os/out/arm/export-ta_arm32/lib/libmpa.a(mpa_mem_static.o)
 .group         0x00000000        0x8 /root/devel/optee/optee_os/out/arm/export-ta_arm32/lib/libmpa.a(mpa_mem_static.o)
 .group         0x00000000        0x8 /root/devel/optee/optee_os/out/arm/export-ta_arm32/lib/libmpa.a(mpa_mem_static.o)
 .group         0x00000000        0x8 /root/devel/optee/optee_os/out/arm/export-ta_arm32/lib/libmpa.a(mpa_mem_static.o)
 .group         0x00000000        0x8 /root/devel/optee/optee_os/out/arm/export-ta_arm32/lib/libmpa.a(mpa_mem_static.o)
 .group         0x00000000        0x8 /root/devel/optee/optee_os/out/arm/export-ta_arm32/lib/libmpa.a(mpa_mem_static.o)
 .group         0x00000000        0x8 /root/devel/optee/optee_os/out/arm/export-ta_arm32/lib/libmpa.a(mpa_mem_static.o)
 .group         0x00000000        0x8 /root/devel/optee/optee_os/out/arm/export-ta_arm32/lib/libmpa.a(mpa_mem_static.o)
 .group         0x00000000        0x8 /root/devel/optee/optee_os/out/arm/export-ta_arm32/lib/libmpa.a(mpa_mem_static.o)
 .group         0x00000000        0x8 /root/devel/optee/optee_os/out/arm/export-ta_arm32/lib/libmpa.a(mpa_mem_static.o)
 .debug_macro   0x00000000      0x8bc /root/devel/optee/optee_os/out/arm/export-ta_arm32/lib/libmpa.a(mpa_mem_static.o)
 .debug_macro   0x00000000      0x1ea /root/devel/optee/optee_os/out/arm/export-ta_arm32/lib/libmpa.a(mpa_mem_static.o)
 .debug_macro   0x00000000       0x10 /root/devel/optee/optee_os/out/arm/export-ta_arm32/lib/libmpa.a(mpa_mem_static.o)
[...]
 .comment       0x00000000       0x64 /root/devel/optee/optee_os/out/arm/export-ta_arm32/lib/libutee.a(tee_api_panic.o)
 .comment       0x00000000       0x64 /root/devel/optee/optee_os/out/arm/export-ta_arm32/lib/libutee.a(utee_misc.o)
 .comment       0x00000000       0x64 /root/devel/optee/optee_os/out/arm/export-ta_arm32/lib/libutee.a(tee_user_mem.o)
 .comment       0x00000000       0x64 /root/devel/optee/optee_os/out/arm/export-ta_arm32/lib/libutee.a(trace_ext.o)
 .comment       0x00000000       0x64 /root/devel/optee/optee_os/out/arm/export-ta_arm32/lib/libutee.a(assert.o)
 .comment       0x00000000       0x64 /root/devel/optee/optee_os/out/arm/export-ta_arm32/lib/libutils.a(bget_malloc.o)
 .comment       0x00000000       0x64 /root/devel/optee/optee_os/out/arm/export-ta_arm32/lib/libutils.a(snprintf.o)
 .comment       0x00000000       0x64 /root/devel/optee/optee_os/out/arm/export-ta_arm32/lib/libutils.a(memcmp.o)
 .comment       0x00000000       0x64 /root/devel/optee/optee_os/out/arm/export-ta_arm32/lib/libutils.a(memcpy.o)
 .comment       0x00000000       0x64 /root/devel/optee/optee_os/out/arm/export-ta_arm32/lib/libutils.a(memmove.o)
 .comment       0x00000000       0x64 /root/devel/optee/optee_os/out/arm/export-ta_arm32/lib/libutils.a(memset.o)
 .comment       0x00000000       0x64 /root/devel/optee/optee_os/out/arm/export-ta_arm32/lib/libutils.a(strlen.o)
 .comment       0x00000000       0x64 /root/devel/optee/optee_os/out/arm/export-ta_arm32/lib/libutils.a(snprintk.o)
 .comment       0x00000000       0x64 /root/devel/optee/optee_os/out/arm/export-ta_arm32/lib/libutils.a(strlcpy.o)
 .comment       0x00000000       0x64 /root/devel/optee/optee_os/out/arm/export-ta_arm32/lib/libutils.a(trace.o)
 .comment       0x00000000       0x64 /root/devel/optee/optee_os/out/arm/export-ta_arm32/lib/libutils.a(memchr.o)
 .comment       0x00000000       0x64 /root/devel/optee/optee_os/out/arm/export-ta_arm32/lib/libutils.a(arm32_aeabi_ldivmod.o)
 .comment       0x00000000       0x64 /root/devel/optee/optee_os/out/arm/export-ta_arm32/lib/libmpa.a(mpa_misc.o)
 .comment       0x00000000       0x64 /root/devel/optee/optee_os/out/arm/export-ta_arm32/lib/libmpa.a(mpa_montgomery.o)
 .comment       0x00000000       0x64 /root/devel/optee/optee_os/out/arm/export-ta_arm32/lib/libmpa.a(mpa_primetest.o)
 .comment       0x00000000       0x64 /root/devel/optee/optee_os/out/arm/export-ta_arm32/lib/libmpa.a(mpa_conv.o)
 .comment       0x00000000       0x64 /root/devel/optee/optee_os/out/arm/export-ta_arm32/lib/libmpa.a(mpa_div.o)
 .comment       0x00000000       0x64 /root/devel/optee/optee_os/out/arm/export-ta_arm32/lib/libmpa.a(mpa_gcd.o)
 .comment       0x00000000       0x64 /root/devel/optee/optee_os/out/arm/export-ta_arm32/lib/libmpa.a(mpa_mem_static.o)
 .comment       0x00000000       0x64 /root/devel/optee/optee_os/out/arm/export-ta_arm32/lib/libmpa.a(mpa_mul.o)
 .comment       0x00000000       0x64 /root/devel/optee/optee_os/out/arm/export-ta_arm32/lib/libmpa.a(mpa_random.o)
 .comment       0x00000000       0x64 /root/devel/optee/optee_os/out/arm/export-ta_arm32/lib/libmpa.a(mpa_shift.o)
 .comment       0x00000000       0x64 /root/devel/optee/optee_os/out/arm/export-ta_arm32/lib/libmpa.a(mpa_addsub.o)
 .comment       0x00000000       0x64 /root/devel/optee/optee_os/out/arm/export-ta_arm32/lib/libmpa.a(mpa_cmp.o)
 .comment       0x00000000       0x64 /root/devel/optee/optee_os/out/arm/export-ta_arm32/lib/libmpa.a(mpa_expmod.o)
 .comment       0x00000000       0x64 /root/devel/optee/optee_os/out/arm/export-ta_arm32/lib/libmpa.a(mpa_init.o)
 .comment       0x00000000       0x64 /root/devel/optee/optee_os/out/arm/export-ta_arm32/lib/libmpa.a(mpa_io.o)
 .comment       0x00000000       0x64 /root/devel/optee/optee_os/out/arm/export-ta_arm32/lib/libmpa.a(mpa_modulus.o)

.note.GNU-stack
                0x00000000        0x0
 .note.GNU-stack
                0x00000000        0x0 ./hello_world_ta.o
 .note.GNU-stack
                0x00000000        0x0 ./user_ta_header.o
 .note.GNU-stack
                0x00000000        0x0 /root/devel/optee/optee_os/out/arm/export-ta_arm32/lib/libutee.a(user_ta_entry.o)
 .note.GNU-stack
                0x00000000        0x0 /root/devel/optee/optee_os/out/arm/export-ta_arm32/lib/libutee.a(tee_api_arith.o)
 .note.GNU-stack
                0x00000000        0x0 /root/devel/optee/optee_os/out/arm/export-ta_arm32/lib/libutee.a(tee_api.o)
 .note.GNU-stack
                0x00000000        0x0 /root/devel/optee/optee_os/out/arm/export-ta_arm32/lib/libutee.a(tee_api_panic.o)
 .note.GNU-stack
                0x00000000        0x0 /root/devel/optee/optee_os/out/arm/export-ta_arm32/lib/libutee.a(utee_misc.o)
 .note.GNU-stack
                0x00000000        0x0 /root/devel/optee/optee_os/out/arm/export-ta_arm32/lib/libutee.a(tee_user_mem.o)
 .note.GNU-stack
                0x00000000        0x0 /root/devel/optee/optee_os/out/arm/export-ta_arm32/lib/libutee.a(trace_ext.o)
 .note.GNU-stack
                0x00000000        0x0 /root/devel/optee/optee_os/out/arm/export-ta_arm32/lib/libutee.a(assert.o)
 .note.GNU-stack
                0x00000000        0x0 /root/devel/optee/optee_os/out/arm/export-ta_arm32/lib/libutils.a(bget_malloc.o)
 .note.GNU-stack
                0x00000000        0x0 /root/devel/optee/optee_os/out/arm/export-ta_arm32/lib/libutils.a(snprintf.o)
 .note.GNU-stack
                0x00000000        0x0 /root/devel/optee/optee_os/out/arm/export-ta_arm32/lib/libutils.a(memcmp.o)
 .note.GNU-stack
                0x00000000        0x0 /root/devel/optee/optee_os/out/arm/export-ta_arm32/lib/libutils.a(memcpy.o)
 .note.GNU-stack
                0x00000000        0x0 /root/devel/optee/optee_os/out/arm/export-ta_arm32/lib/libutils.a(memmove.o)
 .note.GNU-stack
                0x00000000        0x0 /root/devel/optee/optee_os/out/arm/export-ta_arm32/lib/libutils.a(memset.o)
 .note.GNU-stack
                0x00000000        0x0 /root/devel/optee/optee_os/out/arm/export-ta_arm32/lib/libutils.a(strlen.o)
 .note.GNU-stack
                0x00000000        0x0 /root/devel/optee/optee_os/out/arm/export-ta_arm32/lib/libutils.a(snprintk.o)
 .note.GNU-stack
                0x00000000        0x0 /root/devel/optee/optee_os/out/arm/export-ta_arm32/lib/libutils.a(strlcpy.o)
 .note.GNU-stack
                0x00000000        0x0 /root/devel/optee/optee_os/out/arm/export-ta_arm32/lib/libutils.a(trace.o)
 .note.GNU-stack
                0x00000000        0x0 /root/devel/optee/optee_os/out/arm/export-ta_arm32/lib/libutils.a(memchr.o)
 .note.GNU-stack
                0x00000000        0x0 /root/devel/optee/optee_os/out/arm/export-ta_arm32/lib/libutils.a(arm32_aeabi_ldivmod.o)
 .note.GNU-stack
                0x00000000        0x0 /root/devel/optee/optee_os/out/arm/export-ta_arm32/lib/libmpa.a(mpa_misc.o)
 .note.GNU-stack
                0x00000000        0x0 /root/devel/optee/optee_os/out/arm/export-ta_arm32/lib/libmpa.a(mpa_montgomery.o)
 .note.GNU-stack
                0x00000000        0x0 /root/devel/optee/optee_os/out/arm/export-ta_arm32/lib/libmpa.a(mpa_primetest.o)
 .note.GNU-stack
                0x00000000        0x0 /root/devel/optee/optee_os/out/arm/export-ta_arm32/lib/libmpa.a(mpa_conv.o)
 .note.GNU-stack
                0x00000000        0x0 /root/devel/optee/optee_os/out/arm/export-ta_arm32/lib/libmpa.a(mpa_div.o)
 .note.GNU-stack
                0x00000000        0x0 /root/devel/optee/optee_os/out/arm/export-ta_arm32/lib/libmpa.a(mpa_gcd.o)
 .note.GNU-stack
                0x00000000        0x0 /root/devel/optee/optee_os/out/arm/export-ta_arm32/lib/libmpa.a(mpa_mem_static.o)
 .note.GNU-stack
                0x00000000        0x0 /root/devel/optee/optee_os/out/arm/export-ta_arm32/lib/libmpa.a(mpa_mul.o)
 .note.GNU-stack
                0x00000000        0x0 /root/devel/optee/optee_os/out/arm/export-ta_arm32/lib/libmpa.a(mpa_random.o)
 .note.GNU-stack
                0x00000000        0x0 /root/devel/optee/optee_os/out/arm/export-ta_arm32/lib/libmpa.a(mpa_shift.o)
 .note.GNU-stack
                0x00000000        0x0 /root/devel/optee/optee_os/out/arm/export-ta_arm32/lib/libmpa.a(mpa_addsub.o)
 .note.GNU-stack
                0x00000000        0x0 /root/devel/optee/optee_os/out/arm/export-ta_arm32/lib/libmpa.a(mpa_cmp.o)
 .note.GNU-stack
                0x00000000        0x0 /root/devel/optee/optee_os/out/arm/export-ta_arm32/lib/libmpa.a(mpa_expmod.o)
 .note.GNU-stack
                0x00000000        0x0 /root/devel/optee/optee_os/out/arm/export-ta_arm32/lib/libmpa.a(mpa_init.o)
 .note.GNU-stack
                0x00000000        0x0 /root/devel/optee/optee_os/out/arm/export-ta_arm32/lib/libmpa.a(mpa_io.o)
 .note.GNU-stack
                0x00000000        0x0 /root/devel/optee/optee_os/out/arm/export-ta_arm32/lib/libmpa.a(mpa_modulus.o)

.ARM.attributes
                0x00000000       0x3a
 .ARM.attributes
                0x00000000       0x3c ./hello_world_ta.o
 .ARM.attributes
                0x0000003c       0x3c ./user_ta_header.o
 .ARM.attributes
                0x00000078       0x3c /root/devel/optee/optee_os/out/arm/export-ta_arm32/lib/libutee.a(user_ta_entry.o)
 .ARM.attributes
                0x000000b4       0x2c /root/devel/optee/optee_os/out/arm/export-ta_arm32/lib/libutee.a(utee_syscalls_a32.o)
 .ARM.attributes
                0x000000e0       0x3c /root/devel/optee/optee_os/out/arm/export-ta_arm32/lib/libutee.a(tee_api_arith.o)
 .ARM.attributes
                0x0000011c       0x3c /root/devel/optee/optee_os/out/arm/export-ta_arm32/lib/libutee.a(tee_api.o)
 .ARM.attributes
                0x00000158       0x3c /root/devel/optee/optee_os/out/arm/export-ta_arm32/lib/libutee.a(tee_api_panic.o)
 .ARM.attributes
                0x00000194       0x3c /root/devel/optee/optee_os/out/arm/export-ta_arm32/lib/libutee.a(utee_misc.o)
 .ARM.attributes
                0x000001d0       0x3c /root/devel/optee/optee_os/out/arm/export-ta_arm32/lib/libutee.a(tee_user_mem.o)
 .ARM.attributes
                0x0000020c       0x3c /root/devel/optee/optee_os/out/arm/export-ta_arm32/lib/libutee.a(trace_ext.o)
 .ARM.attributes
                0x00000248       0x3c /root/devel/optee/optee_os/out/arm/export-ta_arm32/lib/libutee.a(assert.o)
 .ARM.attributes
                0x00000284       0x3c /root/devel/optee/optee_os/out/arm/export-ta_arm32/lib/libutils.a(bget_malloc.o)
 .ARM.attributes
                0x000002c0       0x3c /root/devel/optee/optee_os/out/arm/export-ta_arm32/lib/libutils.a(snprintf.o)
 .ARM.attributes
                0x000002fc       0x3c /root/devel/optee/optee_os/out/arm/export-ta_arm32/lib/libutils.a(memcmp.o)
 .ARM.attributes
                0x00000338       0x3c /root/devel/optee/optee_os/out/arm/export-ta_arm32/lib/libutils.a(memcpy.o)
 .ARM.attributes
                0x00000374       0x3c /root/devel/optee/optee_os/out/arm/export-ta_arm32/lib/libutils.a(memmove.o)
 .ARM.attributes
                0x000003b0       0x3c /root/devel/optee/optee_os/out/arm/export-ta_arm32/lib/libutils.a(memset.o)
 .ARM.attributes
                0x000003ec       0x3c /root/devel/optee/optee_os/out/arm/export-ta_arm32/lib/libutils.a(strlen.o)
 .ARM.attributes
                0x00000428       0x3c /root/devel/optee/optee_os/out/arm/export-ta_arm32/lib/libutils.a(snprintk.o)
 .ARM.attributes
                0x00000464       0x3c /root/devel/optee/optee_os/out/arm/export-ta_arm32/lib/libutils.a(strlcpy.o)
 .ARM.attributes
                0x000004a0       0x3c /root/devel/optee/optee_os/out/arm/export-ta_arm32/lib/libutils.a(trace.o)
 .ARM.attributes
                0x000004dc       0x3c /root/devel/optee/optee_os/out/arm/export-ta_arm32/lib/libutils.a(memchr.o)
 .ARM.attributes
                0x00000518       0x2c /root/devel/optee/optee_os/out/arm/export-ta_arm32/lib/libutils.a(arm32_aeabi_ldivmod_a32.o)
 .ARM.attributes
                0x00000544       0x3c /root/devel/optee/optee_os/out/arm/export-ta_arm32/lib/libutils.a(arm32_aeabi_ldivmod.o)
 .ARM.attributes
                0x00000580       0x3c /root/devel/optee/optee_os/out/arm/export-ta_arm32/lib/libmpa.a(mpa_misc.o)
 .ARM.attributes
                0x000005bc       0x3c /root/devel/optee/optee_os/out/arm/export-ta_arm32/lib/libmpa.a(mpa_montgomery.o)
 .ARM.attributes
                0x000005f8       0x3c /root/devel/optee/optee_os/out/arm/export-ta_arm32/lib/libmpa.a(mpa_primetest.o)
 .ARM.attributes
                0x00000634       0x3c /root/devel/optee/optee_os/out/arm/export-ta_arm32/lib/libmpa.a(mpa_conv.o)
 .ARM.attributes
                0x00000670       0x3c /root/devel/optee/optee_os/out/arm/export-ta_arm32/lib/libmpa.a(mpa_div.o)
 .ARM.attributes
                0x000006ac       0x3c /root/devel/optee/optee_os/out/arm/export-ta_arm32/lib/libmpa.a(mpa_gcd.o)
 .ARM.attributes
                0x000006e8       0x3c /root/devel/optee/optee_os/out/arm/export-ta_arm32/lib/libmpa.a(mpa_mem_static.o)
 .ARM.attributes
                0x00000724       0x3c /root/devel/optee/optee_os/out/arm/export-ta_arm32/lib/libmpa.a(mpa_mul.o)
 .ARM.attributes
                0x00000760       0x3c /root/devel/optee/optee_os/out/arm/export-ta_arm32/lib/libmpa.a(mpa_random.o)
 .ARM.attributes
                0x0000079c       0x3c /root/devel/optee/optee_os/out/arm/export-ta_arm32/lib/libmpa.a(mpa_shift.o)
 .ARM.attributes
                0x000007d8       0x3c /root/devel/optee/optee_os/out/arm/export-ta_arm32/lib/libmpa.a(mpa_addsub.o)
 .ARM.attributes
                0x00000814       0x3c /root/devel/optee/optee_os/out/arm/export-ta_arm32/lib/libmpa.a(mpa_cmp.o)
 .ARM.attributes
                0x00000850       0x3c /root/devel/optee/optee_os/out/arm/export-ta_arm32/lib/libmpa.a(mpa_expmod.o)
 .ARM.attributes
                0x0000088c       0x3c /root/devel/optee/optee_os/out/arm/export-ta_arm32/lib/libmpa.a(mpa_init.o)
 .ARM.attributes
                0x000008c8       0x3c /root/devel/optee/optee_os/out/arm/export-ta_arm32/lib/libmpa.a(mpa_io.o)
 .ARM.attributes
                0x00000904       0x3c /root/devel/optee/optee_os/out/arm/export-ta_arm32/lib/libmpa.a(mpa_modulus.o)

.debug_frame    0x00000000     0x18ec
 .debug_frame   0x00000000       0x74 ./hello_world_ta.o
 .debug_frame   0x00000074       0x20 ./user_ta_header.o
 .debug_frame   0x00000094       0x6c /root/devel/optee/optee_os/out/arm/export-ta_arm32/lib/libutee.a(user_ta_entry.o)
 .debug_frame   0x00000100      0x370 /root/devel/optee/optee_os/out/arm/export-ta_arm32/lib/libutee.a(tee_api_arith.o)
 .debug_frame   0x00000470      0x278 /root/devel/optee/optee_os/out/arm/export-ta_arm32/lib/libutee.a(tee_api.o)
 .debug_frame   0x000006e8       0x40 /root/devel/optee/optee_os/out/arm/export-ta_arm32/lib/libutee.a(tee_api_panic.o)
 .debug_frame   0x00000728       0x70 /root/devel/optee/optee_os/out/arm/export-ta_arm32/lib/libutee.a(utee_misc.o)
 .debug_frame   0x00000798      0x114 /root/devel/optee/optee_os/out/arm/export-ta_arm32/lib/libutee.a(tee_user_mem.o)
 .debug_frame   0x000008ac       0x90 /root/devel/optee/optee_os/out/arm/export-ta_arm32/lib/libutee.a(trace_ext.o)
 .debug_frame   0x0000093c       0x40 /root/devel/optee/optee_os/out/arm/export-ta_arm32/lib/libutee.a(assert.o)
 .debug_frame   0x0000097c      0x200 /root/devel/optee/optee_os/out/arm/export-ta_arm32/lib/libutils.a(bget_malloc.o)
 .debug_frame   0x00000b7c       0x58 /root/devel/optee/optee_os/out/arm/export-ta_arm32/lib/libutils.a(snprintf.o)
 .debug_frame   0x00000bd4       0x28 /root/devel/optee/optee_os/out/arm/export-ta_arm32/lib/libutils.a(memcmp.o)
 .debug_frame   0x00000bfc       0x28 /root/devel/optee/optee_os/out/arm/export-ta_arm32/lib/libutils.a(memcpy.o)
 .debug_frame   0x00000c24       0x28 /root/devel/optee/optee_os/out/arm/export-ta_arm32/lib/libutils.a(memmove.o)
 .debug_frame   0x00000c4c       0x20 /root/devel/optee/optee_os/out/arm/export-ta_arm32/lib/libutils.a(memset.o)
 .debug_frame   0x00000c6c       0x20 /root/devel/optee/optee_os/out/arm/export-ta_arm32/lib/libutils.a(strlen.o)
 .debug_frame   0x00000c8c       0x84 /root/devel/optee/optee_os/out/arm/export-ta_arm32/lib/libutils.a(snprintk.o)
 .debug_frame   0x00000d10       0x28 /root/devel/optee/optee_os/out/arm/export-ta_arm32/lib/libutils.a(strlcpy.o)
 .debug_frame   0x00000d38       0xc4 /root/devel/optee/optee_os/out/arm/export-ta_arm32/lib/libutils.a(trace.o)
 .debug_frame   0x00000dfc       0x28 /root/devel/optee/optee_os/out/arm/export-ta_arm32/lib/libutils.a(memchr.o)
 .debug_frame   0x00000e24       0x58 /root/devel/optee/optee_os/out/arm/export-ta_arm32/lib/libutils.a(arm32_aeabi_ldivmod.o)
 .debug_frame   0x00000e7c       0xbc /root/devel/optee/optee_os/out/arm/export-ta_arm32/lib/libmpa.a(mpa_misc.o)
 .debug_frame   0x00000f38       0xe0 /root/devel/optee/optee_os/out/arm/export-ta_arm32/lib/libmpa.a(mpa_montgomery.o)
 .debug_frame   0x00001018       0x40 /root/devel/optee/optee_os/out/arm/export-ta_arm32/lib/libmpa.a(mpa_primetest.o)
 .debug_frame   0x00001058       0x50 /root/devel/optee/optee_os/out/arm/export-ta_arm32/lib/libmpa.a(mpa_conv.o)
 .debug_frame   0x000010a8       0xb4 /root/devel/optee/optee_os/out/arm/export-ta_arm32/lib/libmpa.a(mpa_div.o)
 .debug_frame   0x0000115c       0xd8 /root/devel/optee/optee_os/out/arm/export-ta_arm32/lib/libmpa.a(mpa_gcd.o)
 .debug_frame   0x00001234       0x80 /root/devel/optee/optee_os/out/arm/export-ta_arm32/lib/libmpa.a(mpa_mem_static.o)
 .debug_frame   0x000012b4       0xe0 /root/devel/optee/optee_os/out/arm/export-ta_arm32/lib/libmpa.a(mpa_mul.o)
 .debug_frame   0x00001394       0x4c /root/devel/optee/optee_os/out/arm/export-ta_arm32/lib/libmpa.a(mpa_random.o)
 .debug_frame   0x000013e0       0xac /root/devel/optee/optee_os/out/arm/export-ta_arm32/lib/libmpa.a(mpa_shift.o)
 .debug_frame   0x0000148c      0x198 /root/devel/optee/optee_os/out/arm/export-ta_arm32/lib/libmpa.a(mpa_addsub.o)
 .debug_frame   0x00001624       0x90 /root/devel/optee/optee_os/out/arm/export-ta_arm32/lib/libmpa.a(mpa_cmp.o)
 .debug_frame   0x000016b4       0x3c /root/devel/optee/optee_os/out/arm/export-ta_arm32/lib/libmpa.a(mpa_expmod.o)
 .debug_frame   0x000016f0       0x3c /root/devel/optee/optee_os/out/arm/export-ta_arm32/lib/libmpa.a(mpa_init.o)
 .debug_frame   0x0000172c       0xf8 /root/devel/optee/optee_os/out/arm/export-ta_arm32/lib/libmpa.a(mpa_io.o)
 .debug_frame   0x00001824       0xc8 /root/devel/optee/optee_os/out/arm/export-ta_arm32/lib/libmpa.a(mpa_modulus.o)

.debug_ranges   0x00000000      0x520
 .debug_ranges  0x00000000       0x90 /root/devel/optee/optee_os/out/arm/export-ta_arm32/lib/libutee.a(user_ta_entry.o)
 .debug_ranges  0x00000090       0xa8 /root/devel/optee/optee_os/out/arm/export-ta_arm32/lib/libutee.a(tee_api_arith.o)
 .debug_ranges  0x00000138       0x18 /root/devel/optee/optee_os/out/arm/export-ta_arm32/lib/libutee.a(tee_api.o)
 .debug_ranges  0x00000150       0x98 /root/devel/optee/optee_os/out/arm/export-ta_arm32/lib/libutee.a(tee_user_mem.o)
 .debug_ranges  0x000001e8      0x110 /root/devel/optee/optee_os/out/arm/export-ta_arm32/lib/libutils.a(bget_malloc.o)
 .debug_ranges  0x000002f8       0x38 /root/devel/optee/optee_os/out/arm/export-ta_arm32/lib/libutils.a(snprintk.o)
 .debug_ranges  0x00000330       0x48 /root/devel/optee/optee_os/out/arm/export-ta_arm32/lib/libutils.a(arm32_aeabi_ldivmod.o)
 .debug_ranges  0x00000378       0x18 /root/devel/optee/optee_os/out/arm/export-ta_arm32/lib/libmpa.a(mpa_montgomery.o)
 .debug_ranges  0x00000390       0x38 /root/devel/optee/optee_os/out/arm/export-ta_arm32/lib/libmpa.a(mpa_primetest.o)
 .debug_ranges  0x000003c8       0x18 /root/devel/optee/optee_os/out/arm/export-ta_arm32/lib/libmpa.a(mpa_div.o)
 .debug_ranges  0x000003e0       0x88 /root/devel/optee/optee_os/out/arm/export-ta_arm32/lib/libmpa.a(mpa_random.o)
 .debug_ranges  0x00000468       0x18 /root/devel/optee/optee_os/out/arm/export-ta_arm32/lib/libmpa.a(mpa_addsub.o)
 .debug_ranges  0x00000480       0xa0 /root/devel/optee/optee_os/out/arm/export-ta_arm32/lib/libmpa.a(mpa_io.o)
